Component: ARM Compiler 5.06 update 6 (build 750) Tool: armlink [4d35ed]

==============================================================================

Section Cross References

    startup_stm32g070xx.o(RESET) refers to startup_stm32g070xx.o(STACK) for __initial_sp
    startup_stm32g070xx.o(RESET) refers to startup_stm32g070xx.o(.text) for Reset_Handler
    startup_stm32g070xx.o(RESET) refers to stm32g0xx_it.o(i.SysTick_Handler) for SysTick_Handler
    startup_stm32g070xx.o(RESET) refers to stm32g0xx_it.o(i.EXTI4_15_IRQHandler) for EXTI4_15_IRQHandler
    startup_stm32g070xx.o(RESET) refers to stm32g0xx_it.o(i.USART2_IRQHandler) for USART2_IRQHandler
    startup_stm32g070xx.o(.text) refers to system_stm32g0xx.o(i.SystemInit) for SystemInit
    startup_stm32g070xx.o(.text) refers to entry.o(.ARM.Collect$$$$00000000) for __main
    main.o(i.HAL_GPIO_EXTI_Falling_Callback) refers to slave.o(i.Slave_EXTI_Falling_Callback) for Slave_EXTI_Falling_Callback
    main.o(i.HAL_GPIO_EXTI_Falling_Callback) refers to master.o(i.Master_EXTI_Falling_Callback) for Master_EXTI_Falling_Callback
    main.o(i.HAL_GPIO_EXTI_Falling_Callback) refers to main.o(.data) for .data
    main.o(i.HAL_GPIO_EXTI_Rising_Callback) refers to slave.o(i.Slave_EXTI_Rising_Callback) for Slave_EXTI_Rising_Callback
    main.o(i.HAL_GPIO_EXTI_Rising_Callback) refers to master.o(i.Master_EXTI_Rising_Callback) for Master_EXTI_Rising_Callback
    main.o(i.HAL_GPIO_EXTI_Rising_Callback) refers to main.o(.data) for .data
    main.o(i.HAL_UART_RxCpltCallback) refers to memseta.o(.text) for __aeabi_memclr
    main.o(i.HAL_UART_RxCpltCallback) refers to stm32g0xx_hal_uart.o(i.HAL_UART_Transmit) for HAL_UART_Transmit
    main.o(i.HAL_UART_RxCpltCallback) refers to stm32g0xx_hal_uart.o(i.HAL_UART_GetState) for HAL_UART_GetState
    main.o(i.HAL_UART_RxCpltCallback) refers to main.o(i.UART_Process_Param) for UART_Process_Param
    main.o(i.HAL_UART_RxCpltCallback) refers to main.o(.data) for .data
    main.o(i.HAL_UART_RxCpltCallback) refers to main.o(.bss) for .bss
    main.o(i.I2C_To_UART) refers to memseta.o(.text) for __aeabi_memclr
    main.o(i.I2C_To_UART) refers to memcpya.o(.text) for __aeabi_memcpy
    main.o(i.I2C_To_UART) refers to uidiv.o(.text) for __aeabi_uidivmod
    main.o(i.I2C_To_UART) refers to main.o(.bss) for .bss
    main.o(i.SystemClock_Config) refers to memseta.o(.text) for __aeabi_memclr4
    main.o(i.SystemClock_Config) refers to stm32g0xx_hal_pwr_ex.o(i.HAL_PWREx_ControlVoltageScaling) for HAL_PWREx_ControlVoltageScaling
    main.o(i.SystemClock_Config) refers to stm32g0xx_hal_rcc.o(i.HAL_RCC_OscConfig) for HAL_RCC_OscConfig
    main.o(i.SystemClock_Config) refers to stm32g0xx_hal_rcc.o(i.HAL_RCC_ClockConfig) for HAL_RCC_ClockConfig
    main.o(i.UART_Process_Param) refers to memseta.o(.text) for __aeabi_memclr4
    main.o(i.UART_Process_Param) refers to strcmp.o(.text) for strcmp
    main.o(i.UART_Process_Param) refers to main.o(i.String_To_Hex_Of_Data) for String_To_Hex_Of_Data
    main.o(i.UART_Process_Param) refers to i2c.o(i.I2C_Master_Write) for I2C_Master_Write
    main.o(i.UART_Process_Param) refers to i2c.o(i.delay_ms) for delay_ms
    main.o(i.UART_Process_Param) refers to i2c.o(i.I2C_Master_Read) for I2C_Master_Read
    main.o(i.UART_Process_Param) refers to slave.o(i.Date_To_I2CBuff) for Date_To_I2CBuff
    main.o(i.UART_Process_Param) refers to stm32g0xx_hal_uart.o(i.HAL_UART_Transmit) for HAL_UART_Transmit
    main.o(i.UART_Process_Param) refers to main.o(i.I2C_To_UART) for I2C_To_UART
    main.o(i.UART_Process_Param) refers to strlen.o(.text) for strlen
    main.o(i.UART_Process_Param) refers to slave.o(i.get_units_mul) for get_units_mul
    main.o(i.UART_Process_Param) refers to slave.o(i.set_led_duration) for set_led_duration
    main.o(i.UART_Process_Param) refers to slave.o(i.set_led_frequency) for set_led_frequency
    main.o(i.UART_Process_Param) refers to master.o(.bss) for I2C_receive_buff
    main.o(i.UART_Process_Param) refers to main.o(.data) for .data
    main.o(i.UART_Process_Param) refers to main.o(.bss) for .bss
    main.o(i.UART_Process_Param) refers to i2c.o(.bss) for I2C_buff
    main.o(i.UART_Process_Param) refers to slave.o(i.slave_start) for slave_start
    main.o(i.UART_Process_Param) refers to master.o(i.master_start) for master_start
    main.o(i.main) refers to stm32g0xx_hal.o(i.HAL_Init) for HAL_Init
    main.o(i.main) refers to main.o(i.SystemClock_Config) for SystemClock_Config
    main.o(i.main) refers to usart.o(i.MX_USART2_UART_Init) for MX_USART2_UART_Init
    main.o(i.main) refers to stm32g0xx_hal_uart.o(i.HAL_UART_Receive_IT) for HAL_UART_Receive_IT
    main.o(i.main) refers to main.o(.data) for .data
    main.o(i.main) refers to usart.o(.bss) for huart2
    main.o(.data) refers to master.o(i.master_start) for master_start
    gpio.o(i.MX_GPIO_Init) refers to memseta.o(.text) for __aeabi_memclr4
[...]
    stm32g0xx_hal_uart.o(i.HAL_UART_AbortReceive) refers to stm32g0xx_hal_dma.o(i.HAL_DMA_Abort) for HAL_DMA_Abort
    stm32g0xx_hal_uart.o(i.HAL_UART_AbortReceive) refers to stm32g0xx_hal_dma.o(i.HAL_DMA_GetError) for HAL_DMA_GetError
    stm32g0xx_hal_uart.o(i.HAL_UART_AbortReceive_IT) refers to stm32g0xx_hal_dma.o(i.HAL_DMA_Abort_IT) for HAL_DMA_Abort_IT
    stm32g0xx_hal_uart.o(i.HAL_UART_AbortReceive_IT) refers to stm32g0xx_hal_uart.o(i.HAL_UART_AbortReceiveCpltCallback) for HAL_UART_AbortReceiveCpltCallback
    stm32g0xx_hal_uart.o(i.HAL_UART_AbortReceive_IT) refers to stm32g0xx_hal_uart.o(i.UART_DMARxOnlyAbortCallback) for UART_DMARxOnlyAbortCallback
    stm32g0xx_hal_uart.o(i.HAL_UART_AbortTransmit) refers to stm32g0xx_hal_dma.o(i.HAL_DMA_Abort) for HAL_DMA_Abort
    stm32g0xx_hal_uart.o(i.HAL_UART_AbortTransmit) refers to stm32g0xx_hal_dma.o(i.HAL_DMA_GetError) for HAL_DMA_GetError
    stm32g0xx_hal_uart.o(i.HAL_UART_AbortTransmit_IT) refers to stm32g0xx_hal_dma.o(i.HAL_DMA_Abort_IT) for HAL_DMA_Abort_IT
    stm32g0xx_hal_uart.o(i.HAL_UART_AbortTransmit_IT) refers to stm32g0xx_hal_uart.o(i.HAL_UART_AbortTransmitCpltCallback) for HAL_UART_AbortTransmitCpltCallback
    stm32g0xx_hal_uart.o(i.HAL_UART_AbortTransmit_IT) refers to stm32g0xx_hal_uart.o(i.UART_DMATxOnlyAbortCallback) for UART_DMATxOnlyAbortCallback
    stm32g0xx_hal_uart.o(i.HAL_UART_Abort_IT) refers to stm32g0xx_hal_dma.o(i.HAL_DMA_Abort_IT) for HAL_DMA_Abort_IT
    stm32g0xx_hal_uart.o(i.HAL_UART_Abort_IT) refers to stm32g0xx_hal_uart.o(i.HAL_UART_AbortCpltCallback) for HAL_UART_AbortCpltCallback
    stm32g0xx_hal_uart.o(i.HAL_UART_Abort_IT) refers to stm32g0xx_hal_uart.o(i.UART_DMATxAbortCallback) for UART_DMATxAbortCallback
    stm32g0xx_hal_uart.o(i.HAL_UART_Abort_IT) refers to stm32g0xx_hal_uart.o(i.UART_DMARxAbortCallback) for UART_DMARxAbortCallback
    stm32g0xx_hal_uart.o(i.HAL_UART_DMAStop) refers to stm32g0xx_hal_dma.o(i.HAL_DMA_Abort) for HAL_DMA_Abort
    stm32g0xx_hal_uart.o(i.HAL_UART_DMAStop) refers to stm32g0xx_hal_dma.o(i.HAL_DMA_GetError) for HAL_DMA_GetError
    stm32g0xx_hal_uart.o(i.HAL_UART_DMAStop) refers to stm32g0xx_hal_uart.o(i.UART_EndTxTransfer) for UART_EndTxTransfer
    stm32g0xx_hal_uart.o(i.HAL_UART_DMAStop) refers to stm32g0xx_hal_uart.o(i.UART_EndRxTransfer) for UART_EndRxTransfer
    stm32g0xx_hal_uart.o(i.HAL_UART_DeInit) refers to usart.o(i.HAL_UART_MspDeInit) for HAL_UART_MspDeInit
    stm32g0xx_hal_uart.o(i.HAL_UART_IRQHandler) refers to stm32g0xx_hal_uart.o(i.UART_EndRxTransfer) for UART_EndRxTransfer
    stm32g0xx_hal_uart.o(i.HAL_UART_IRQHandler) refers to stm32g0xx_hal_dma.o(i.HAL_DMA_Abort_IT) for HAL_DMA_Abort_IT
    stm32g0xx_hal_uart.o(i.HAL_UART_IRQHandler) refers to stm32g0xx_hal_uart.o(i.HAL_UART_ErrorCallback) for HAL_UART_ErrorCallback
    stm32g0xx_hal_uart.o(i.HAL_UART_IRQHandler) refers to stm32g0xx_hal_uart_ex.o(i.HAL_UARTEx_WakeupCallback) for HAL_UARTEx_WakeupCallback
    stm32g0xx_hal_uart.o(i.HAL_UART_IRQHandler) refers to stm32g0xx_hal_uart.o(i.HAL_UART_TxCpltCallback) for HAL_UART_TxCpltCallback
    stm32g0xx_hal_uart.o(i.HAL_UART_IRQHandler) refers to stm32g0xx_hal_uart_ex.o(i.HAL_UARTEx_TxFifoEmptyCallback) for HAL_UARTEx_TxFifoEmptyCallback
    stm32g0xx_hal_uart.o(i.HAL_UART_IRQHandler) refers to stm32g0xx_hal_uart_ex.o(i.HAL_UARTEx_RxFifoFullCallback) for HAL_UARTEx_RxFifoFullCallback
    stm32g0xx_hal_uart.o(i.HAL_UART_IRQHandler) refers to stm32g0xx_hal_uart.o(i.UART_DMAAbortOnError) for UART_DMAAbortOnError
    stm32g0xx_hal_uart.o(i.HAL_UART_Init) refers to usart.o(i.HAL_UART_MspInit) for HAL_UART_MspInit
    stm32g0xx_hal_uart.o(i.HAL_UART_Init) refers to stm32g0xx_hal_uart.o(i.UART_SetConfig) for UART_SetConfig
    stm32g0xx_hal_uart.o(i.HAL_UART_Init) refers to stm32g0xx_hal_uart.o(i.UART_AdvFeatureConfig) for UART_AdvFeatureConfig
    stm32g0xx_hal_uart.o(i.HAL_UART_Init) refers to stm32g0xx_hal_uart.o(i.UART_CheckIdleState) for UART_CheckIdleState
    stm32g0xx_hal_uart.o(i.HAL_UART_Receive) refers to stm32g0xx_hal.o(i.HAL_GetTick) for HAL_GetTick
    stm32g0xx_hal_uart.o(i.HAL_UART_Receive) refers to stm32g0xx_hal_uart.o(i.UART_WaitOnFlagUntilTimeout) for UART_WaitOnFlagUntilTimeout
    stm32g0xx_hal_uart.o(i.HAL_UART_Receive_DMA) refers to stm32g0xx_hal_dma.o(i.HAL_DMA_Start_IT) for HAL_DMA_Start_IT
    stm32g0xx_hal_uart.o(i.HAL_UART_Receive_DMA) refers to stm32g0xx_hal_uart.o(i.UART_DMAReceiveCplt) for UART_DMAReceiveCplt
    stm32g0xx_hal_uart.o(i.HAL_UART_Receive_DMA) refers to stm32g0xx_hal_uart.o(i.UART_DMARxHalfCplt) for UART_DMARxHalfCplt
    stm32g0xx_hal_uart.o(i.HAL_UART_Receive_DMA) refers to stm32g0xx_hal_uart.o(i.UART_DMAError) for UART_DMAError
    stm32g0xx_hal_uart.o(i.HAL_UART_Receive_IT) refers to stm32g0xx_hal_uart.o(i.UART_RxISR_8BIT_FIFOEN) for UART_RxISR_8BIT_FIFOEN
    stm32g0xx_hal_uart.o(i.HAL_UART_Receive_IT) refers to stm32g0xx_hal_uart.o(i.UART_RxISR_16BIT_FIFOEN) for UART_RxISR_16BIT_FIFOEN
    stm32g0xx_hal_uart.o(i.HAL_UART_Receive_IT) refers to stm32g0xx_hal_uart.o(i.UART_RxISR_8BIT) for UART_RxISR_8BIT
    stm32g0xx_hal_uart.o(i.HAL_UART_Receive_IT) refers to stm32g0xx_hal_uart.o(i.UART_RxISR_16BIT) for UART_RxISR_16BIT
    stm32g0xx_hal_uart.o(i.HAL_UART_Transmit) refers to stm32g0xx_hal.o(i.HAL_GetTick) for HAL_GetTick
    stm32g0xx_hal_uart.o(i.HAL_UART_Transmit) refers to stm32g0xx_hal_uart.o(i.UART_WaitOnFlagUntilTimeout) for UART_WaitOnFlagUntilTimeout
    stm32g0xx_hal_uart.o(i.HAL_UART_Transmit_DMA) refers to stm32g0xx_hal_dma.o(i.HAL_DMA_Start_IT) for HAL_DMA_Start_IT
    stm32g0xx_hal_uart.o(i.HAL_UART_Transmit_DMA) refers to stm32g0xx_hal_uart.o(i.UART_DMATransmitCplt) for UART_DMATransmitCplt
    stm32g0xx_hal_uart.o(i.HAL_UART_Transmit_DMA) refers to stm32g0xx_hal_uart.o(i.UART_DMATxHalfCplt) for UART_DMATxHalfCplt
    stm32g0xx_hal_uart.o(i.HAL_UART_Transmit_DMA) refers to stm32g0xx_hal_uart.o(i.UART_DMAError) for UART_DMAError
    stm32g0xx_hal_uart.o(i.HAL_UART_Transmit_IT) refers to stm32g0xx_hal_uart.o(i.UART_TxISR_8BIT_FIFOEN) for UART_TxISR_8BIT_FIFOEN
    stm32g0xx_hal_uart.o(i.HAL_UART_Transmit_IT) refers to stm32g0xx_hal_uart.o(i.UART_TxISR_16BIT_FIFOEN) for UART_TxISR_16BIT_FIFOEN
    stm32g0xx_hal_uart.o(i.HAL_UART_Transmit_IT) refers to stm32g0xx_hal_uart.o(i.UART_TxISR_8BIT) for UART_TxISR_8BIT
    stm32g0xx_hal_uart.o(i.HAL_UART_Transmit_IT) refers to stm32g0xx_hal_uart.o(i.UART_TxISR_16BIT) for UART_TxISR_16BIT
    stm32g0xx_hal_uart.o(i.UART_CheckIdleState) refers to stm32g0xx_hal.o(i.HAL_GetTick) for HAL_GetTick
    stm32g0xx_hal_uart.o(i.UART_CheckIdleState) refers to stm32g0xx_hal_uart.o(i.UART_WaitOnFlagUntilTimeout) for UART_WaitOnFlagUntilTimeout
    stm32g0xx_hal_uart.o(i.UART_DMAAbortOnError) refers to stm32g0xx_hal_uart.o(i.HAL_UART_ErrorCallback) for HAL_UART_ErrorCallback
    stm32g0xx_hal_uart.o(i.UART_DMAError) refers to stm32g0xx_hal_uart.o(i.UART_EndTxTransfer) for UART_EndTxTransfer
    stm32g0xx_hal_uart.o(i.UART_DMAError) refers to stm32g0xx_hal_uart.o(i.UART_EndRxTransfer) for UART_EndRxTransfer
    stm32g0xx_hal_uart.o(i.UART_DMAError) refers to stm32g0xx_hal_uart.o(i.HAL_UART_ErrorCallback) for HAL_UART_ErrorCallback
    stm32g0xx_hal_uart.o(i.UART_DMAReceiveCplt) refers to main.o(i.HAL_UART_RxCpltCallback) for HAL_UART_RxCpltCallback
    stm32g0xx_hal_uart.o(i.UART_DMARxAbortCallback) refers to stm32g0xx_hal_uart.o(i.HAL_UART_AbortCpltCallback) for HAL_UART_AbortCpltCallback
    stm32g0xx_hal_uart.o(i.UART_DMARxHalfCplt) refers to stm32g0xx_hal_uart.o(i.HAL_UART_RxHalfCpltCallback) for HAL_UART_RxHalfCpltCallback
    stm32g0xx_hal_uart.o(i.UART_DMARxOnlyAbortCallback) refers to stm32g0xx_hal_uart.o(i.HAL_UART_AbortReceiveCpltCallback) for HAL_UART_AbortReceiveCpltCallback
    stm32g0xx_hal_uart.o(i.UART_DMATransmitCplt) refers to stm32g0xx_hal_uart.o(i.HAL_UART_TxCpltCallback) for HAL_UART_TxCpltCallback
    stm32g0xx_hal_uart.o(i.UART_DMATxAbortCallback) refers to stm32g0xx_hal_uart.o(i.HAL_UART_AbortCpltCallback) for HAL_UART_AbortCpltCallback
    stm32g0xx_hal_uart.o(i.UART_DMATxHalfCplt) refers to stm32g0xx_hal_uart.o(i.HAL_UART_TxHalfCpltCallback) for HAL_UART_TxHalfCpltCallback
    stm32g0xx_hal_uart.o(i.UART_DMATxOnlyAbortCallback) refers to stm32g0xx_hal_uart.o(i.HAL_UART_AbortTransmitCpltCallback) for HAL_UART_AbortTransmitCpltCallback
    stm32g0xx_hal_uart.o(i.UART_RxISR_16BIT) refers to main.o(i.HAL_UART_RxCpltCallback) for HAL_UART_RxCpltCallback
    stm32g0xx_hal_uart.o(i.UART_RxISR_16BIT_FIFOEN) refers to main.o(i.HAL_UART_RxCpltCallback) for HAL_UART_RxCpltCallback
    stm32g0xx_hal_uart.o(i.UART_RxISR_16BIT_FIFOEN) refers to stm32g0xx_hal_uart.o(i.UART_RxISR_16BIT) for UART_RxISR_16BIT
    stm32g0xx_hal_uart.o(i.UART_RxISR_8BIT) refers to main.o(i.HAL_UART_RxCpltCallback) for HAL_UART_RxCpltCallback
    stm32g0xx_hal_uart.o(i.UART_RxISR_8BIT_FIFOEN) refers to main.o(i.HAL_UART_RxCpltCallback) for HAL_UART_RxCpltCallback
    stm32g0xx_hal_uart.o(i.UART_RxISR_8BIT_FIFOEN) refers to stm32g0xx_hal_uart.o(i.UART_RxISR_8BIT) for UART_RxISR_8BIT
    stm32g0xx_hal_uart.o(i.UART_SetConfig) refers to stm32g0xx_hal_rcc.o(i.HAL_RCC_GetPCLK1Freq) for HAL_RCC_GetPCLK1Freq
    stm32g0xx_hal_uart.o(i.UART_SetConfig) refers to uidiv.o(.text) for __aeabi_uidivmod
    stm32g0xx_hal_uart.o(i.UART_SetConfig) refers to stm32g0xx_hal_rcc.o(i.HAL_RCC_GetSysClockFreq) for HAL_RCC_GetSysClockFreq
    stm32g0xx_hal_uart.o(i.UART_WaitOnFlagUntilTimeout) refers to stm32g0xx_hal.o(i.HAL_GetTick) for HAL_GetTick
    stm32g0xx_hal_uart_ex.o(i.HAL_MultiProcessorEx_AddressLength_Set) refers to stm32g0xx_hal_uart.o(i.UART_CheckIdleState) for UART_CheckIdleState
    stm32g0xx_hal_uart_ex.o(i.HAL_RS485Ex_Init) refers to usart.o(i.HAL_UART_MspInit) for HAL_UART_MspInit
    stm32g0xx_hal_uart_ex.o(i.HAL_RS485Ex_Init) refers to stm32g0xx_hal_uart.o(i.UART_SetConfig) for UART_SetConfig
    stm32g0xx_hal_uart_ex.o(i.HAL_RS485Ex_Init) refers to stm32g0xx_hal_uart.o(i.UART_AdvFeatureConfig) for UART_AdvFeatureConfig
    stm32g0xx_hal_uart_ex.o(i.HAL_RS485Ex_Init) refers to stm32g0xx_hal_uart.o(i.UART_CheckIdleState) for UART_CheckIdleState
    stm32g0xx_hal_uart_ex.o(i.HAL_UARTEx_EnableFifoMode) refers to stm32g0xx_hal_uart_ex.o(i.UARTEx_SetNbDataToProcess) for UARTEx_SetNbDataToProcess
    stm32g0xx_hal_uart_ex.o(i.HAL_UARTEx_SetRxFifoThreshold) refers to stm32g0xx_hal_uart_ex.o(i.UARTEx_SetNbDataToProcess) for UARTEx_SetNbDataToProcess
    stm32g0xx_hal_uart_ex.o(i.HAL_UARTEx_SetTxFifoThreshold) refers to stm32g0xx_hal_uart_ex.o(i.UARTEx_SetNbDataToProcess) for UARTEx_SetNbDataToProcess
    stm32g0xx_hal_uart_ex.o(i.HAL_UARTEx_StopModeWakeUpSourceConfig) refers to stm32g0xx_hal.o(i.HAL_GetTick) for HAL_GetTick
    stm32g0xx_hal_uart_ex.o(i.HAL_UARTEx_StopModeWakeUpSourceConfig) refers to stm32g0xx_hal_uart.o(i.UART_WaitOnFlagUntilTimeout) for UART_WaitOnFlagUntilTimeout
    stm32g0xx_hal_uart_ex.o(i.UARTEx_SetNbDataToProcess) refers to uidiv.o(.text) for __aeabi_uidivmod
    system_stm32g0xx.o(i.SystemCoreClockUpdate) refers to uidiv.o(.text) for __aeabi_uidivmod
    system_stm32g0xx.o(i.SystemCoreClockUpdate) refers to system_stm32g0xx.o(.data) for .data
    system_stm32g0xx.o(i.SystemCoreClockUpdate) refers to system_stm32g0xx.o(.constdata) for .constdata
    entry.o(.ARM.Collect$$$$00000000) refers (Special) to entry10a.o(.ARM.Collect$$$$0000000D) for __rt_final_cpp
    entry.o(.ARM.Collect$$$$00000000) refers (Special) to entry11a.o(.ARM.Collect$$$$0000000F) for __rt_final_exit
    entry.o(.ARM.Collect$$$$00000000) refers (Special) to entry7b.o(.ARM.Collect$$$$00000008) for _main_clock
    entry.o(.ARM.Collect$$$$00000000) refers (Special) to entry8b.o(.ARM.Collect$$$$0000000A) for _main_cpp_init
    entry.o(.ARM.Collect$$$$00000000) refers (Special) to entry9a.o(.ARM.Collect$$$$0000000B) for _main_init
    entry.o(.ARM.Collect$$$$00000000) refers (Special) to entry5.o(.ARM.Collect$$$$00000004) for _main_scatterload
    entry.o(.ARM.Collect$$$$00000000) refers (Special) to entry2.o(.ARM.Collect$$$$00000001) for _main_stk
    entry2.o(.ARM.Collect$$$$00000001) refers to entry2.o(.ARM.Collect$$$$00002712) for __lit__00000000
    entry2.o(.ARM.Collect$$$$00002712) refers to startup_stm32g070xx.o(STACK) for __initial_sp
    entry2.o(__vectab_stack_and_reset_area) refers to startup_stm32g070xx.o(STACK) for __initial_sp
    entry2.o(__vectab_stack_and_reset_area) refers to entry.o(.ARM.Collect$$$$00000000) for __main
    entry5.o(.ARM.Collect$$$$00000004) refers to init.o(.text) for __scatterload
    entry9a.o(.ARM.Collect$$$$0000000B) refers to main.o(i.main) for main
    entry9b.o(.ARM.Collect$$$$0000000C) refers to main.o(i.main) for main
    init.o(.text) refers to entry5.o(.ARM.Collect$$$$00000004) for __main_after_scatterload


==============================================================================

Removing Unused input sections from the image.

    Removing startup_stm32g070xx.o(HEAP), (2048 bytes).
    Removing main.o(.rev16_text), (4 bytes).
    Removing main.o(.revsh_text), (4 bytes).
    Removing main.o(i.String_To_Hex_Of_Units), (36 bytes).
    Removing gpio.o(.rev16_text), (4 bytes).
    Removing gpio.o(.revsh_text), (4 bytes).
    Removing gpio.o(i.MX_GPIO_Init), (76 bytes).
    Removing stm32g0xx_it.o(.rev16_text), (4 bytes).
    Removing stm32g0xx_it.o(.revsh_text), (4 bytes).
    Removing stm32g0xx_hal_msp.o(.rev16_text), (4 bytes).
    Removing stm32g0xx_hal_msp.o(.revsh_text), (4 bytes).
    Removing i2c.o(.rev16_text), (4 bytes).
    Removing i2c.o(.revsh_text), (4 bytes).
    Removing i2c.o(i.I2C_Master_SDA_Rising_Init), (76 bytes).
    Removing i2c.o(i.I2C_Slave_WaitAck), (52 bytes).
    Removing i2c.o(i.is_I2C_Slave_Stop), (24 bytes).
    Removing slave.o(.rev16_text), (4 bytes).
    Removing slave.o(.revsh_text), (4 bytes).
    Removing master.o(.rev16_text), (4 bytes).
    Removing master.o(.revsh_text), (4 bytes).
    Removing usart.o(.rev16_text), (4 bytes).
    Removing usart.o(.revsh_text), (4 bytes).
    Removing usart.o(i.HAL_UART_MspDeInit), (48 bytes).
    Removing stm32g0xx_hal_gpio.o(.rev16_text), (4 bytes).
    Removing stm32g0xx_hal_gpio.o(.revsh_text), (4 bytes).
    Removing stm32g0xx_hal_gpio.o(i.HAL_GPIO_EXTI_Falling_Callback), (2 bytes).
    Removing stm32g0xx_hal_gpio.o(i.HAL_GPIO_EXTI_Rising_Callback), (2 bytes).
    Removing stm32g0xx_hal_gpio.o(i.HAL_GPIO_LockPin), (36 bytes).
    Removing stm32g0xx_hal_gpio.o(i.HAL_GPIO_TogglePin), (14 bytes).
    Removing stm32g0xx_hal_tim.o(.rev16_text), (4 bytes).
    Removing stm32g0xx_hal_tim.o(.revsh_text), (4 bytes).
    Removing stm32g0xx_hal_tim_ex.o(.rev16_text), (4 bytes).
    Removing stm32g0xx_hal_tim_ex.o(.revsh_text), (4 bytes).
    Removing stm32g0xx_hal_rcc.o(.rev16_text), (4 bytes).
    Removing stm32g0xx_hal_rcc.o(.revsh_text), (4 bytes).
    Removing stm32g0xx_hal_rcc.o(i.HAL_RCC_CSSCallback), (2 bytes).
    Removing stm32g0xx_hal_rcc.o(i.HAL_RCC_DeInit), (164 bytes).
    Removing stm32g0xx_hal_rcc.o(i.HAL_RCC_DisableLSECSS), (16 bytes).
    Removing stm32g0xx_hal_rcc.o(i.HAL_RCC_EnableCSS), (20 bytes).
    Removing stm32g0xx_hal_rcc.o(i.HAL_RCC_EnableLSECSS), (16 bytes).
    Removing stm32g0xx_hal_rcc.o(i.HAL_RCC_GetClockConfig), (56 bytes).
    Removing stm32g0xx_hal_rcc.o(i.HAL_RCC_GetHCLKFreq), (12 bytes).
    Removing stm32g0xx_hal_rcc.o(i.HAL_RCC_GetOscConfig), (176 bytes).
    Removing stm32g0xx_hal_rcc.o(i.HAL_RCC_LSECSSCallback), (2 bytes).
    Removing stm32g0xx_hal_rcc.o(i.HAL_RCC_MCOConfig), (76 bytes).
    Removing stm32g0xx_hal_rcc.o(i.HAL_RCC_NMI_IRQHandler), (36 bytes).
    Removing stm32g0xx_hal_rcc_ex.o(.rev16_text), (4 bytes).
    Removing stm32g0xx_hal_rcc_ex.o(.revsh_text), (4 bytes).
    Removing stm32g0xx_hal_rcc_ex.o(i.HAL_RCCEx_DisableLSCO), (92 bytes).
    Removing stm32g0xx_hal_rcc_ex.o(i.HAL_RCCEx_EnableLSCO), (140 bytes).
    Removing stm32g0xx_hal_rcc_ex.o(i.HAL_RCCEx_GetPeriphCLKConfig), (64 bytes).
    Removing stm32g0xx_hal_rcc_ex.o(i.HAL_RCCEx_GetPeriphCLKFreq), (392 bytes).
    Removing stm32g0xx_hal_rcc_ex.o(i.HAL_RCCEx_PeriphCLKConfig), (352 bytes).
    Removing stm32g0xx_hal_flash.o(.rev16_text), (4 bytes).
    Removing stm32g0xx_hal_flash.o(.revsh_text), (4 bytes).
    Removing stm32g0xx_hal_flash.o(i.FLASH_Program_DoubleWord), (28 bytes).
    Removing stm32g0xx_hal_flash.o(i.FLASH_Program_Fast), (52 bytes).
    Removing stm32g0xx_hal_flash.o(i.FLASH_WaitForLastOperation), (116 bytes).
    Removing stm32g0xx_hal_flash.o(i.HAL_FLASH_EndOfOperationCallback), (2 bytes).
    Removing stm32g0xx_hal_flash.o(i.HAL_FLASH_GetError), (12 bytes).
    Removing stm32g0xx_hal_flash.o(i.HAL_FLASH_IRQHandler), (188 bytes).
    Removing stm32g0xx_hal_flash.o(i.HAL_FLASH_Lock), (28 bytes).
    Removing stm32g0xx_hal_flash.o(i.HAL_FLASH_OB_Launch), (20 bytes).
    Removing stm32g0xx_hal_flash.o(i.HAL_FLASH_OB_Lock), (28 bytes).
    Removing stm32g0xx_hal_flash.o(i.HAL_FLASH_OB_Unlock), (40 bytes).
    Removing stm32g0xx_hal_flash.o(i.HAL_FLASH_OperationErrorCallback), (2 bytes).
    Removing stm32g0xx_hal_flash.o(i.HAL_FLASH_Program), (96 bytes).
    Removing stm32g0xx_hal_flash.o(i.HAL_FLASH_Program_IT), (112 bytes).
    Removing stm32g0xx_hal_flash.o(i.HAL_FLASH_Unlock), (40 bytes).
    Removing stm32g0xx_hal_flash.o(.bss), (24 bytes).
    Removing stm32g0xx_hal_flash_ex.o(.rev16_text), (4 bytes).
    Removing stm32g0xx_hal_flash_ex.o(.revsh_text), (4 bytes).
    Removing stm32g0xx_hal_flash_ex.o(i.FLASH_FlushCaches), (44 bytes).
    Removing stm32g0xx_hal_flash_ex.o(i.FLASH_MassErase), (20 bytes).
    Removing stm32g0xx_hal_flash_ex.o(i.FLASH_OB_GetRDP), (24 bytes).
    Removing stm32g0xx_hal_flash_ex.o(i.FLASH_OB_GetUser), (20 bytes).
    Removing stm32g0xx_hal_flash_ex.o(i.FLASH_OB_OptrConfig), (24 bytes).
    Removing stm32g0xx_hal_flash_ex.o(i.FLASH_PageErase), (32 bytes).
    Removing stm32g0xx_hal_flash_ex.o(i.HAL_FLASHEx_Erase), (128 bytes).
    Removing stm32g0xx_hal_flash_ex.o(i.HAL_FLASHEx_Erase_IT), (96 bytes).
    Removing stm32g0xx_hal_flash_ex.o(i.HAL_FLASHEx_FlashEmptyCheck), (16 bytes).
    Removing stm32g0xx_hal_flash_ex.o(i.HAL_FLASHEx_ForceFlashEmpty), (20 bytes).
    Removing stm32g0xx_hal_flash_ex.o(i.HAL_FLASHEx_OBGetConfig), (72 bytes).
    Removing stm32g0xx_hal_flash_ex.o(i.HAL_FLASHEx_OBProgram), (152 bytes).
    Removing stm32g0xx_hal_dma.o(.rev16_text), (4 bytes).
    Removing stm32g0xx_hal_dma.o(.revsh_text), (4 bytes).
    Removing stm32g0xx_hal_dma.o(i.DMA_CalcDMAMUXChannelBaseAndMask), (48 bytes).
    Removing stm32g0xx_hal_dma.o(i.DMA_CalcDMAMUXRequestGenBaseAndMask), (36 bytes).
    Removing stm32g0xx_hal_dma.o(i.DMA_SetConfig), (72 bytes).
    Removing stm32g0xx_hal_dma.o(i.HAL_DMA_Abort), (116 bytes).
    Removing stm32g0xx_hal_dma.o(i.HAL_DMA_DeInit), (132 bytes).
    Removing stm32g0xx_hal_dma.o(i.HAL_DMA_GetError), (4 bytes).
    Removing stm32g0xx_hal_dma.o(i.HAL_DMA_GetState), (6 bytes).
    Removing stm32g0xx_hal_dma.o(i.HAL_DMA_IRQHandler), (184 bytes).
    Removing stm32g0xx_hal_dma.o(i.HAL_DMA_Init), (160 bytes).
    Removing stm32g0xx_hal_dma.o(i.HAL_DMA_PollForTransfer), (272 bytes).
    Removing stm32g0xx_hal_dma.o(i.HAL_DMA_RegisterCallback), (72 bytes).
    Removing stm32g0xx_hal_dma.o(i.HAL_DMA_Start), (80 bytes).
    Removing stm32g0xx_hal_dma.o(i.HAL_DMA_Start_IT), (144 bytes).
    Removing stm32g0xx_hal_dma.o(i.HAL_DMA_UnRegisterCallback), (78 bytes).
    Removing stm32g0xx_hal_dma_ex.o(.rev16_text), (4 bytes).
    Removing stm32g0xx_hal_dma_ex.o(.revsh_text), (4 bytes).
    Removing stm32g0xx_hal_dma_ex.o(i.HAL_DMAEx_ConfigMuxRequestGenerator), (60 bytes).
    Removing stm32g0xx_hal_dma_ex.o(i.HAL_DMAEx_ConfigMuxSync), (78 bytes).
    Removing stm32g0xx_hal_dma_ex.o(i.HAL_DMAEx_DisableMuxRequestGenerator), (32 bytes).
    Removing stm32g0xx_hal_dma_ex.o(i.HAL_DMAEx_EnableMuxRequestGenerator), (32 bytes).
    Removing stm32g0xx_hal_dma_ex.o(i.HAL_DMAEx_MUX_IRQHandler), (104 bytes).
    Removing stm32g0xx_hal_pwr.o(.rev16_text), (4 bytes).
    Removing stm32g0xx_hal_pwr.o(.revsh_text), (4 bytes).
    Removing stm32g0xx_hal_pwr.o(i.HAL_PWR_DeInit), (24 bytes).
    Removing stm32g0xx_hal_pwr.o(i.HAL_PWR_DisableBkUpAccess), (16 bytes).
    Removing stm32g0xx_hal_pwr.o(i.HAL_PWR_DisableSEVOnPend), (16 bytes).
    Removing stm32g0xx_hal_pwr.o(i.HAL_PWR_DisableSleepOnExit), (16 bytes).
    Removing stm32g0xx_hal_pwr.o(i.HAL_PWR_DisableWakeUpPin), (20 bytes).
    Removing stm32g0xx_hal_pwr.o(i.HAL_PWR_EnableBkUpAccess), (16 bytes).
    Removing stm32g0xx_hal_pwr.o(i.HAL_PWR_EnableSEVOnPend), (16 bytes).
    Removing stm32g0xx_hal_pwr.o(i.HAL_PWR_EnableSleepOnExit), (16 bytes).
    Removing stm32g0xx_hal_pwr.o(i.HAL_PWR_EnableWakeUpPin), (28 bytes).
    Removing stm32g0xx_hal_pwr.o(i.HAL_PWR_EnterSLEEPMode), (68 bytes).
    Removing stm32g0xx_hal_pwr.o(i.HAL_PWR_EnterSTANDBYMode), (36 bytes).
    Removing stm32g0xx_hal_pwr.o(i.HAL_PWR_EnterSTOPMode), (64 bytes).
    Removing stm32g0xx_hal_pwr_ex.o(.rev16_text), (4 bytes).
    Removing stm32g0xx_hal_pwr_ex.o(.revsh_text), (4 bytes).
    Removing stm32g0xx_hal_pwr_ex.o(i.HAL_PWREx_DisableBatteryCharging), (16 bytes).
    Removing stm32g0xx_hal_pwr_ex.o(i.HAL_PWREx_DisableFlashPowerDown), (16 bytes).
    Removing stm32g0xx_hal_pwr_ex.o(i.HAL_PWREx_DisableGPIOPullDown), (80 bytes).
    Removing stm32g0xx_hal_pwr_ex.o(i.HAL_PWREx_DisableGPIOPullUp), (80 bytes).
    Removing stm32g0xx_hal_pwr_ex.o(i.HAL_PWREx_DisableInternalWakeUpLine), (16 bytes).
    Removing stm32g0xx_hal_pwr_ex.o(i.HAL_PWREx_DisableLowPowerRunMode), (64 bytes).
    Removing stm32g0xx_hal_pwr_ex.o(i.HAL_PWREx_DisablePullUpPullDownConfig), (16 bytes).
    Removing stm32g0xx_hal_pwr_ex.o(i.HAL_PWREx_EnableBatteryCharging), (24 bytes).
    Removing stm32g0xx_hal_pwr_ex.o(i.HAL_PWREx_EnableFlashPowerDown), (16 bytes).
    Removing stm32g0xx_hal_pwr_ex.o(i.HAL_PWREx_EnableGPIOPullDown), (116 bytes).
    Removing stm32g0xx_hal_pwr_ex.o(i.HAL_PWREx_EnableGPIOPullUp), (116 bytes).
    Removing stm32g0xx_hal_pwr_ex.o(i.HAL_PWREx_EnableInternalWakeUpLine), (16 bytes).
    Removing stm32g0xx_hal_pwr_ex.o(i.HAL_PWREx_EnableLowPowerRunMode), (16 bytes).
    Removing stm32g0xx_hal_pwr_ex.o(i.HAL_PWREx_EnablePullUpPullDownConfig), (16 bytes).
    Removing stm32g0xx_hal_pwr_ex.o(i.HAL_PWREx_GetVoltageRange), (16 bytes).
    Removing stm32g0xx_hal_cortex.o(.rev16_text), (4 bytes).
    Removing stm32g0xx_hal_cortex.o(.revsh_text), (4 bytes).
    Removing stm32g0xx_hal_cortex.o(i.HAL_MPU_ConfigRegion), (84 bytes).
    Removing stm32g0xx_hal_cortex.o(i.HAL_MPU_Disable), (16 bytes).
    Removing stm32g0xx_hal_cortex.o(i.HAL_MPU_Enable), (24 bytes).
    Removing stm32g0xx_hal_cortex.o(i.HAL_NVIC_ClearPendingIRQ), (24 bytes).
    Removing stm32g0xx_hal_cortex.o(i.HAL_NVIC_DisableIRQ), (32 bytes).
    Removing stm32g0xx_hal_cortex.o(i.HAL_NVIC_GetPendingIRQ), (32 bytes).
    Removing stm32g0xx_hal_cortex.o(i.HAL_NVIC_GetPriority), (52 bytes).
    Removing stm32g0xx_hal_cortex.o(i.HAL_NVIC_SetPendingIRQ), (24 bytes).
    Removing stm32g0xx_hal_cortex.o(i.HAL_NVIC_SystemReset), (28 bytes).
    Removing stm32g0xx_hal_cortex.o(i.HAL_SYSTICK_CLKSourceConfig), (24 bytes).
    Removing stm32g0xx_hal_cortex.o(i.HAL_SYSTICK_Callback), (2 bytes).
    Removing stm32g0xx_hal_cortex.o(i.HAL_SYSTICK_IRQHandler), (8 bytes).
    Removing stm32g0xx_hal.o(.rev16_text), (4 bytes).
    Removing stm32g0xx_hal.o(.revsh_text), (4 bytes).
    Removing stm32g0xx_hal.o(i.HAL_DBGMCU_DisableDBGStandbyMode), (16 bytes).
    Removing stm32g0xx_hal.o(i.HAL_DBGMCU_DisableDBGStopMode), (16 bytes).
    Removing stm32g0xx_hal.o(i.HAL_DBGMCU_EnableDBGStandbyMode), (16 bytes).
    Removing stm32g0xx_hal.o(i.HAL_DBGMCU_EnableDBGStopMode), (16 bytes).
    Removing stm32g0xx_hal.o(i.HAL_DeInit), (40 bytes).
    Removing stm32g0xx_hal.o(i.HAL_Delay), (36 bytes).
    Removing stm32g0xx_hal.o(i.HAL_GetDEVID), (16 bytes).
    Removing stm32g0xx_hal.o(i.HAL_GetHalVersion), (8 bytes).
    Removing stm32g0xx_hal.o(i.HAL_GetREVID), (12 bytes).
    Removing stm32g0xx_hal.o(i.HAL_GetTickFreq), (12 bytes).
    Removing stm32g0xx_hal.o(i.HAL_GetTickPrio), (12 bytes).
    Removing stm32g0xx_hal.o(i.HAL_GetUIDw0), (12 bytes).
    Removing stm32g0xx_hal.o(i.HAL_GetUIDw1), (12 bytes).
    Removing stm32g0xx_hal.o(i.HAL_GetUIDw2), (12 bytes).
    Removing stm32g0xx_hal.o(i.HAL_MspDeInit), (2 bytes).
    Removing stm32g0xx_hal.o(i.HAL_MspInit), (2 bytes).
    Removing stm32g0xx_hal.o(i.HAL_ResumeTick), (16 bytes).
    Removing stm32g0xx_hal.o(i.HAL_SYSCFG_DisableIOAnalogSwitchBooster), (16 bytes).
    Removing stm32g0xx_hal.o(i.HAL_SYSCFG_DisableRemap), (16 bytes).
    Removing stm32g0xx_hal.o(i.HAL_SYSCFG_EnableIOAnalogSwitchBooster), (16 bytes).
    Removing stm32g0xx_hal.o(i.HAL_SYSCFG_EnableRemap), (16 bytes).
    Removing stm32g0xx_hal.o(i.HAL_SetTickFreq), (32 bytes).
    Removing stm32g0xx_hal.o(i.HAL_SuspendTick), (16 bytes).
    Removing stm32g0xx_hal_exti.o(.rev16_text), (4 bytes).
    Removing stm32g0xx_hal_exti.o(.revsh_text), (4 bytes).
    Removing stm32g0xx_hal_exti.o(i.HAL_EXTI_ClearConfigLine), (120 bytes).
    Removing stm32g0xx_hal_exti.o(i.HAL_EXTI_ClearPending), (40 bytes).
    Removing stm32g0xx_hal_exti.o(i.HAL_EXTI_GenerateSWI), (28 bytes).
    Removing stm32g0xx_hal_exti.o(i.HAL_EXTI_GetConfigLine), (168 bytes).
    Removing stm32g0xx_hal_exti.o(i.HAL_EXTI_GetHandle), (14 bytes).
    Removing stm32g0xx_hal_exti.o(i.HAL_EXTI_GetPending), (44 bytes).
    Removing stm32g0xx_hal_exti.o(i.HAL_EXTI_IRQHandler), (68 bytes).
    Removing stm32g0xx_hal_exti.o(i.HAL_EXTI_RegisterCallback), (30 bytes).
    Removing stm32g0xx_hal_exti.o(i.HAL_EXTI_SetConfigLine), (172 bytes).
    Removing stm32g0xx_hal_uart.o(.rev16_text), (4 bytes).
    Removing stm32g0xx_hal_uart.o(.revsh_text), (4 bytes).
    Removing stm32g0xx_hal_uart.o(i.HAL_HalfDuplex_EnableReceiver), (58 bytes).
    Removing stm32g0xx_hal_uart.o(i.HAL_HalfDuplex_EnableTransmitter), (58 bytes).
    Removing stm32g0xx_hal_uart.o(i.HAL_HalfDuplex_Init), (122 bytes).
    Removing stm32g0xx_hal_uart.o(i.HAL_LIN_Init), (152 bytes).
    Removing stm32g0xx_hal_uart.o(i.HAL_LIN_SendBreak), (48 bytes).
    Removing stm32g0xx_hal_uart.o(i.HAL_MultiProcessor_DisableMuteMode), (50 bytes).
    Removing stm32g0xx_hal_uart.o(i.HAL_MultiProcessor_EnableMuteMode), (50 bytes).
    Removing stm32g0xx_hal_uart.o(i.HAL_MultiProcessor_EnterMuteMode), (12 bytes).
    Removing stm32g0xx_hal_uart.o(i.HAL_MultiProcessor_Init), (148 bytes).
    Removing stm32g0xx_hal_uart.o(i.HAL_UART_Abort), (188 bytes).
    Removing stm32g0xx_hal_uart.o(i.HAL_UART_AbortCpltCallback), (2 bytes).
    Removing stm32g0xx_hal_uart.o(i.HAL_UART_AbortReceive), (120 bytes).
    Removing stm32g0xx_hal_uart.o(i.HAL_UART_AbortReceiveCpltCallback), (2 bytes).
    Removing stm32g0xx_hal_uart.o(i.HAL_UART_AbortReceive_IT), (132 bytes).
    Removing stm32g0xx_hal_uart.o(i.HAL_UART_AbortTransmit), (116 bytes).
    Removing stm32g0xx_hal_uart.o(i.HAL_UART_AbortTransmitCpltCallback), (2 bytes).
    Removing stm32g0xx_hal_uart.o(i.HAL_UART_AbortTransmit_IT), (128 bytes).
    Removing stm32g0xx_hal_uart.o(i.HAL_UART_Abort_IT), (232 bytes).
    Removing stm32g0xx_hal_uart.o(i.HAL_UART_DMAPause), (96 bytes).
    Removing stm32g0xx_hal_uart.o(i.HAL_UART_DMAResume), (90 bytes).
    Removing stm32g0xx_hal_uart.o(i.HAL_UART_DMAStop), (126 bytes).
    Removing stm32g0xx_hal_uart.o(i.HAL_UART_DeInit), (64 bytes).
    Removing stm32g0xx_hal_uart.o(i.HAL_UART_GetError), (6 bytes).
    Removing stm32g0xx_hal_uart.o(i.HAL_UART_MspDeInit), (2 bytes).
    Removing stm32g0xx_hal_uart.o(i.HAL_UART_MspInit), (2 bytes).
    Removing stm32g0xx_hal_uart.o(i.HAL_UART_Receive), (280 bytes).
    Removing stm32g0xx_hal_uart.o(i.HAL_UART_Receive_DMA), (188 bytes).
    Removing stm32g0xx_hal_uart.o(i.HAL_UART_RxCpltCallback), (2 bytes).
    Removing stm32g0xx_hal_uart.o(i.HAL_UART_RxHalfCpltCallback), (2 bytes).
    Removing stm32g0xx_hal_uart.o(i.HAL_UART_Transmit_DMA), (180 bytes).
    Removing stm32g0xx_hal_uart.o(i.HAL_UART_Transmit_IT), (172 bytes).
    Removing stm32g0xx_hal_uart.o(i.HAL_UART_TxHalfCpltCallback), (2 bytes).
    Removing stm32g0xx_hal_uart.o(i.UART_DMAError), (78 bytes).
    Removing stm32g0xx_hal_uart.o(i.UART_DMAReceiveCplt), (64 bytes).
    Removing stm32g0xx_hal_uart.o(i.UART_DMARxAbortCallback), (62 bytes).
    Removing stm32g0xx_hal_uart.o(i.UART_DMARxHalfCplt), (10 bytes).
    Removing stm32g0xx_hal_uart.o(i.UART_DMARxOnlyAbortCallback), (38 bytes).
    Removing stm32g0xx_hal_uart.o(i.UART_DMATransmitCplt), (48 bytes).
    Removing stm32g0xx_hal_uart.o(i.UART_DMATxAbortCallback), (72 bytes).
    Removing stm32g0xx_hal_uart.o(i.UART_DMATxHalfCplt), (10 bytes).
    Removing stm32g0xx_hal_uart.o(i.UART_DMATxOnlyAbortCallback), (42 bytes).
    Removing stm32g0xx_hal_uart.o(i.UART_EndTxTransfer), (30 bytes).
    Removing stm32g0xx_hal_uart.o(i.UART_TxISR_16BIT), (66 bytes).
    Removing stm32g0xx_hal_uart.o(i.UART_TxISR_16BIT_FIFOEN), (88 bytes).
    Removing stm32g0xx_hal_uart.o(i.UART_TxISR_8BIT), (62 bytes).
    Removing stm32g0xx_hal_uart.o(i.UART_TxISR_8BIT_FIFOEN), (84 bytes).
    Removing stm32g0xx_hal_uart_ex.o(.rev16_text), (4 bytes).
    Removing stm32g0xx_hal_uart_ex.o(.revsh_text), (4 bytes).
    Removing stm32g0xx_hal_uart_ex.o(i.HAL_MultiProcessorEx_AddressLength_Set), (54 bytes).
    Removing stm32g0xx_hal_uart_ex.o(i.HAL_RS485Ex_Init), (148 bytes).
    Removing stm32g0xx_hal_uart_ex.o(i.HAL_UARTEx_DisableStopMode), (34 bytes).
    Removing stm32g0xx_hal_uart_ex.o(i.HAL_UARTEx_EnableFifoMode), (66 bytes).
    Removing stm32g0xx_hal_uart_ex.o(i.HAL_UARTEx_EnableStopMode), (34 bytes).
    Removing stm32g0xx_hal_uart_ex.o(i.HAL_UARTEx_StopModeWakeUpSourceConfig), (160 bytes).
    Removing system_stm32g0xx.o(.rev16_text), (4 bytes).
    Removing system_stm32g0xx.o(.revsh_text), (4 bytes).
    Removing system_stm32g0xx.o(i.SystemCoreClockUpdate), (144 bytes).
    Removing stm32g0xx_hal_dma.o(i.__ARM_common_switch8), (26 bytes).

248 unused section(s) (total 13990 bytes) removed from the image.

==============================================================================

Image Symbol Table

    Local Symbols

    Symbol Name                              Value     Ov Type        Size  Object(Section)

    ../Core/Src/gpio.c                       0x00000000   Number         0  gpio.o ABSOLUTE
    ../Core/Src/main.c                       0x00000000   Number         0  main.o ABSOLUTE
    ../Core/Src/stm32g0xx_hal_msp.c          0x00000000   Number         0  stm32g0xx_hal_msp.o ABSOLUTE
    ../Core/Src/stm32g0xx_it.c               0x00000000   Number         0  stm32g0xx_it.o ABSOLUTE
    ../Core/Src/system_stm32g0xx.c           0x00000000   Number         0  system_stm32g0xx.o ABSOLUTE
    ../Drivers/STM32G0xx_HAL_Driver/Src/stm32g0xx_hal.c 0x00000000   Number         0  stm32g0xx_hal.o ABSOLUTE
    ../Drivers/STM32G0xx_HAL_Driver/Src/stm32g0xx_hal_cortex.c 0x00000000   Number         0  stm32g0xx_hal_cortex.o ABSOLUTE
    ../Drivers/STM32G0xx_HAL_Driver/Src/stm32g0xx_hal_dma.c 0x00000000   Number         0  stm32g0xx_hal_dma.o ABSOLUTE
    ../Drivers/STM32G0xx_HAL_Driver/Src/stm32g0xx_hal_dma_ex.c 0x00000000   Number         0  stm32g0xx_hal_dma_ex.o ABSOLUTE
    ../Drivers/STM32G0xx_HAL_Driver/Src/stm32g0xx_hal_exti.c 0x00000000   Number         0  stm32g0xx_hal_exti.o ABSOLUTE
    ../Drivers/STM32G0xx_HAL_Driver/Src/stm32g0xx_hal_flash.c 0x00000000   Number         0  stm32g0xx_hal_flash.o ABSOLUTE
    ../Drivers/STM32G0xx_HAL_Driver/Src/stm32g0xx_hal_flash_ex.c 0x00000000   Number         0  stm32g0xx_hal_flash_ex.o ABSOLUTE
    ../Drivers/STM32G0xx_HAL_Driver/Src/stm32g0xx_hal_gpio.c 0x00000000   Number         0  stm32g0xx_hal_gpio.o ABSOLUTE
    ../Drivers/STM32G0xx_HAL_Driver/Src/stm32g0xx_hal_pwr.c 0x00000000   Number         0  stm32g0xx_hal_pwr.o ABSOLUTE
    ../Drivers/STM32G0xx_HAL_Driver/Src/stm32g0xx_hal_pwr_ex.c 0x00000000   Number         0  stm32g0xx_hal_pwr_ex.o ABSOLUTE
    ../Drivers/STM32G0xx_HAL_Driver/Src/stm32g0xx_hal_rcc.c 0x00000000   Number         0  stm32g0xx_hal_rcc.o ABSOLUTE
    ../Drivers/STM32G0xx_HAL_Driver/Src/stm32g0xx_hal_rcc_ex.c 0x00000000   Number         0  stm32g0xx_hal_rcc_ex.o ABSOLUTE
    ../Drivers/STM32G0xx_HAL_Driver/Src/stm32g0xx_hal_tim.c 0x00000000   Number         0  stm32g0xx_hal_tim.o ABSOLUTE
    ../Drivers/STM32G0xx_HAL_Driver/Src/stm32g0xx_hal_tim_ex.c 0x00000000   Number         0  stm32g0xx_hal_tim_ex.o ABSOLUTE
    ../Drivers/STM32G0xx_HAL_Driver/Src/stm32g0xx_ll_dma.c 0x00000000   Number         0  stm32g0xx_ll_dma.o ABSOLUTE
    ../Drivers/STM32G0xx_HAL_Driver/Src/stm32g0xx_ll_rcc.c 0x00000000   Number         0  stm32g0xx_ll_rcc.o ABSOLUTE
    ../clib/microlib/division.c              0x00000000   Number         0  uidiv.o ABSOLUTE
    ../clib/microlib/init/entry.s            0x00000000   Number         0  entry9a.o ABSOLUTE
    ../clib/microlib/init/entry.s            0x00000000   Number         0  entry8b.o ABSOLUTE
    ../clib/microlib/init/entry.s            0x00000000   Number         0  entry8a.o ABSOLUTE
    ../clib/microlib/init/entry.s            0x00000000   Number         0  entry9b.o ABSOLUTE
    ../clib/microlib/init/entry.s            0x00000000   Number         0  entry7b.o ABSOLUTE
    ../clib/microlib/init/entry.s            0x00000000   Number         0  entry7a.o ABSOLUTE
    ../clib/microlib/init/entry.s            0x00000000   Number         0  entry10a.o ABSOLUTE
    ../clib/microlib/init/entry.s            0x00000000   Number         0  entry5.o ABSOLUTE
    ../clib/microlib/init/entry.s            0x00000000   Number         0  entry10b.o ABSOLUTE
    ../clib/microlib/init/entry.s            0x00000000   Number         0  entry11a.o ABSOLUTE
    ../clib/microlib/init/entry.s            0x00000000   Number         0  entry11b.o ABSOLUTE
    ../clib/microlib/init/entry.s            0x00000000   Number         0  entry.o ABSOLUTE
    ../clib/microlib/init/entry.s            0x00000000   Number         0  entry2.o ABSOLUTE
    ../clib/microlib/string/memcpy.c         0x00000000   Number         0  memcpya.o ABSOLUTE
    ../clib/microlib/string/memcpy.c         0x00000000   Number         0  memcpyb.o ABSOLUTE
    ../clib/microlib/string/memset.c         0x00000000   Number         0  memseta.o ABSOLUTE
    ../clib/microlib/string/strcmp.c         0x00000000   Number         0  strcmp.o ABSOLUTE
    ../clib/microlib/string/strlen.c         0x00000000   Number         0  strlen.o ABSOLUTE
    ..\Core\Src\gpio.c                       0x00000000   Number         0  gpio.o ABSOLUTE
    ..\Core\Src\i2c.c                        0x00000000   Number         0  i2c.o ABSOLUTE
    ..\Core\Src\main.c                       0x00000000   Number         0  main.o ABSOLUTE
    ..\Core\Src\master.c                     0x00000000   Number         0  master.o ABSOLUTE
    ..\Core\Src\slave.c                      0x00000000   Number         0  slave.o ABSOLUTE
    ..\Core\Src\stm32g0xx_hal_msp.c          0x00000000   Number         0  stm32g0xx_hal_msp.o ABSOLUTE
    ..\Core\Src\stm32g0xx_it.c               0x00000000   Number         0  stm32g0xx_it.o ABSOLUTE
    ..\Core\Src\system_stm32g0xx.c           0x00000000   Number         0  system_stm32g0xx.o ABSOLUTE
    ..\Core\Src\usart.c                      0x00000000   Number         0  usart.o ABSOLUTE
    ..\Drivers\STM32G0xx_HAL_Driver\Src\stm32g0xx_hal.c 0x00000000   Number         0  stm32g0xx_hal.o ABSOLUTE
    ..\Drivers\STM32G0xx_HAL_Driver\Src\stm32g0xx_hal_cortex.c 0x00000000   Number         0  stm32g0xx_hal_cortex.o ABSOLUTE
    ..\Drivers\STM32G0xx_HAL_Driver\Src\stm32g0xx_hal_dma.c 0x00000000   Number         0  stm32g0xx_hal_dma.o ABSOLUTE
    ..\Drivers\STM32G0xx_HAL_Driver\Src\stm32g0xx_hal_dma_ex.c 0x00000000   Number         0  stm32g0xx_hal_dma_ex.o ABSOLUTE
    ..\Drivers\STM32G0xx_HAL_Driver\Src\stm32g0xx_hal_exti.c 0x00000000   Number         0  stm32g0xx_hal_exti.o ABSOLUTE
    ..\Drivers\STM32G0xx_HAL_Driver\Src\stm32g0xx_hal_flash.c 0x00000000   Number         0  stm32g0xx_hal_flash.o ABSOLUTE
    ..\Drivers\STM32G0xx_HAL_Driver\Src\stm32g0xx_hal_flash_ex.c 0x00000000   Number         0  stm32g0xx_hal_flash_ex.o ABSOLUTE
    ..\Drivers\STM32G0xx_HAL_Driver\Src\stm32g0xx_hal_gpio.c 0x00000000   Number         0  stm32g0xx_hal_gpio.o ABSOLUTE
    ..\Drivers\STM32G0xx_HAL_Driver\Src\stm32g0xx_hal_pwr.c 0x00000000   Number         0  stm32g0xx_hal_pwr.o ABSOLUTE
    ..\Drivers\STM32G0xx_HAL_Driver\Src\stm32g0xx_hal_pwr_ex.c 0x00000000   Number         0  stm32g0xx_hal_pwr_ex.o ABSOLUTE
    ..\Drivers\STM32G0xx_HAL_Driver\Src\stm32g0xx_hal_rcc.c 0x00000000   Number         0  stm32g0xx_hal_rcc.o ABSOLUTE
    ..\Drivers\STM32G0xx_HAL_Driver\Src\stm32g0xx_hal_rcc_ex.c 0x00000000   Number         0  stm32g0xx_hal_rcc_ex.o ABSOLUTE
    ..\Drivers\STM32G0xx_HAL_Driver\Src\stm32g0xx_hal_tim.c 0x00000000   Number         0  stm32g0xx_hal_tim.o ABSOLUTE
    ..\Drivers\STM32G0xx_HAL_Driver\Src\stm32g0xx_hal_tim_ex.c 0x00000000   Number         0  stm32g0xx_hal_tim_ex.o ABSOLUTE
    ..\Drivers\STM32G0xx_HAL_Driver\Src\stm32g0xx_hal_uart.c 0x00000000   Number         0  stm32g0xx_hal_uart.o ABSOLUTE
    ..\Drivers\STM32G0xx_HAL_Driver\Src\stm32g0xx_hal_uart_ex.c 0x00000000   Number         0  stm32g0xx_hal_uart_ex.o ABSOLUTE
    ..\\Core\\Src\\i2c.c                     0x00000000   Number         0  i2c.o ABSOLUTE
    ..\\Core\\Src\\master.c                  0x00000000   Number         0  master.o ABSOLUTE
    ..\\Core\\Src\\slave.c                   0x00000000   Number         0  slave.o ABSOLUTE
    ..\\Core\\Src\\usart.c                   0x00000000   Number         0  usart.o ABSOLUTE
    ..\\Drivers\\STM32G0xx_HAL_Driver\\Src\\stm32g0xx_hal_uart.c 0x00000000   Number         0  stm32g0xx_hal_uart.o ABSOLUTE
    ..\\Drivers\\STM32G0xx_HAL_Driver\\Src\\stm32g0xx_hal_uart_ex.c 0x00000000   Number         0  stm32g0xx_hal_uart_ex.o ABSOLUTE
    dc.s                                     0x00000000   Number         0  dc.o ABSOLUTE
    handlers.s                               0x00000000   Number         0  handlers.o ABSOLUTE
    init.s                                   0x00000000   Number         0  init.o ABSOLUTE
    startup_stm32g070xx.s                    0x00000000   Number         0  startup_stm32g070xx.o ABSOLUTE
    RESET                                    0x08000000   Section      184  startup_stm32g070xx.o(RESET)
    .ARM.Collect$$$$00000000                 0x080000b8   Section        0  entry.o(.ARM.Collect$$$$00000000)
    .ARM.Collect$$$$00000001                 0x080000b8   Section        4  entry2.o(.ARM.Collect$$$$00000001)
    .ARM.Collect$$$$00000004                 0x080000bc   Section        4  entry5.o(.ARM.Collect$$$$00000004)
    .ARM.Collect$$$$00000008                 0x080000c0   Section        0  entry7b.o(.ARM.Collect$$$$00000008)
    .ARM.Collect$$$$0000000A                 0x080000c0   Section        0  entry8b.o(.ARM.Collect$$$$0000000A)
    .ARM.Collect$$$$0000000B                 0x080000c0   Section        8  entry9a.o(.ARM.Collect$$$$0000000B)
    .ARM.Collect$$$$0000000D                 0x080000c8   Section        0  entry10a.o(.ARM.Collect$$$$0000000D)
    .ARM.Collect$$$$0000000F                 0x080000c8   Section        0  entry11a.o(.ARM.Collect$$$$0000000F)
    .ARM.Collect$$$$00002712                 0x080000c8   Section        4  entry2.o(.ARM.Collect$$$$00002712)
    __lit__00000000                          0x080000c8   Data           4  entry2.o(.ARM.Collect$$$$00002712)
    .text                                    0x080000cc   Section       28  startup_stm32g070xx.o(.text)
    .text                                    0x080000e8   Section        0  uidiv.o(.text)
    .text                                    0x08000114   Section        0  memcpya.o(.text)
    .text                                    0x08000138   Section        0  memseta.o(.text)
    .text                                    0x0800015c   Section        0  strlen.o(.text)
    .text                                    0x0800016a   Section        0  strcmp.o(.text)
    .text                                    0x08000188   Section       36  init.o(.text)
    i.Data_Transfer                          0x080001ac   Section        0  slave.o(i.Data_Transfer)
    i.Date_To_I2CBuff                        0x08000200   Section        0  slave.o(i.Date_To_I2CBuff)
    i.EXTI4_15_IRQHandler                    0x0800024c   Section        0  stm32g0xx_it.o(i.EXTI4_15_IRQHandler)
    i.Error_Handler                          0x08000268   Section        0  main.o(i.Error_Handler)
    i.HAL_DMA_Abort_IT                       0x0800026c   Section        0  stm32g0xx_hal_dma.o(i.HAL_DMA_Abort_IT)
    i.HAL_GPIO_DeInit                        0x080002ec   Section        0  stm32g0xx_hal_gpio.o(i.HAL_GPIO_DeInit)
    i.HAL_GPIO_EXTI_Falling_Callback         0x080003c0   Section        0  main.o(i.HAL_GPIO_EXTI_Falling_Callback)
    i.HAL_GPIO_EXTI_IRQHandler               0x080003e8   Section        0  stm32g0xx_hal_gpio.o(i.HAL_GPIO_EXTI_IRQHandler)
    i.HAL_GPIO_EXTI_Rising_Callback          0x08000410   Section        0  main.o(i.HAL_GPIO_EXTI_Rising_Callback)
    i.HAL_GPIO_Init                          0x08000438   Section        0  stm32g0xx_hal_gpio.o(i.HAL_GPIO_Init)
    i.HAL_GPIO_ReadPin                       0x0800056c   Section        0  stm32g0xx_hal_gpio.o(i.HAL_GPIO_ReadPin)
    i.HAL_GPIO_WritePin                      0x08000576   Section        0  stm32g0xx_hal_gpio.o(i.HAL_GPIO_WritePin)
    i.HAL_GetTick                            0x08000584   Section        0  stm32g0xx_hal.o(i.HAL_GetTick)
    i.HAL_IncTick                            0x08000590   Section        0  stm32g0xx_hal.o(i.HAL_IncTick)
    i.HAL_Init                               0x080005a0   Section        0  stm32g0xx_hal.o(i.HAL_Init)
    i.HAL_InitTick                           0x080005c8   Section        0  stm32g0xx_hal.o(i.HAL_InitTick)
    i.HAL_MspInit                            0x08000610   Section        0  stm32g0xx_hal_msp.o(i.HAL_MspInit)
    i.HAL_NVIC_EnableIRQ                     0x08000644   Section        0  stm32g0xx_hal_cortex.o(i.HAL_NVIC_EnableIRQ)
    i.HAL_NVIC_SetPriority                   0x0800065c   Section        0  stm32g0xx_hal_cortex.o(i.HAL_NVIC_SetPriority)
    i.HAL_PWREx_ControlVoltageScaling        0x08000664   Section        0  stm32g0xx_hal_pwr_ex.o(i.HAL_PWREx_ControlVoltageScaling)
    i.HAL_RCC_ClockConfig                    0x080006b0   Section        0  stm32g0xx_hal_rcc.o(i.HAL_RCC_ClockConfig)
    i.HAL_RCC_GetPCLK1Freq                   0x08000808   Section        0  stm32g0xx_hal_rcc.o(i.HAL_RCC_GetPCLK1Freq)
    i.HAL_RCC_GetSysClockFreq                0x08000830   Section        0  stm32g0xx_hal_rcc.o(i.HAL_RCC_GetSysClockFreq)
    i.HAL_RCC_OscConfig                      0x080008bc   Section        0  stm32g0xx_hal_rcc.o(i.HAL_RCC_OscConfig)
    i.HAL_SYSCFG_StrobeDBattpinsConfig       0x08000c9c   Section        0  stm32g0xx_hal.o(i.HAL_SYSCFG_StrobeDBattpinsConfig)
    i.HAL_SYSTICK_Config                     0x08000cb0   Section        0  stm32g0xx_hal_cortex.o(i.HAL_SYSTICK_Config)
    i.HAL_UARTEx_DisableFifoMode             0x08000ce0   Section        0  stm32g0xx_hal_uart_ex.o(i.HAL_UARTEx_DisableFifoMode)
    i.HAL_UARTEx_RxFifoFullCallback          0x08000d22   Section        0  stm32g0xx_hal_uart_ex.o(i.HAL_UARTEx_RxFifoFullCallback)
    i.HAL_UARTEx_SetRxFifoThreshold          0x08000d24   Section        0  stm32g0xx_hal_uart_ex.o(i.HAL_UARTEx_SetRxFifoThreshold)
    i.HAL_UARTEx_SetTxFifoThreshold          0x08000d72   Section        0  stm32g0xx_hal_uart_ex.o(i.HAL_UARTEx_SetTxFifoThreshold)
    i.HAL_UARTEx_TxFifoEmptyCallback         0x08000dbe   Section        0  stm32g0xx_hal_uart_ex.o(i.HAL_UARTEx_TxFifoEmptyCallback)
    i.HAL_UARTEx_WakeupCallback              0x08000dc0   Section        0  stm32g0xx_hal_uart_ex.o(i.HAL_UARTEx_WakeupCallback)
    i.HAL_UART_ErrorCallback                 0x08000dc2   Section        0  stm32g0xx_hal_uart.o(i.HAL_UART_ErrorCallback)
    i.HAL_UART_GetState                      0x08000dc4   Section        0  stm32g0xx_hal_uart.o(i.HAL_UART_GetState)
    i.HAL_UART_IRQHandler                    0x08000dd0   Section        0  stm32g0xx_hal_uart.o(i.HAL_UART_IRQHandler)
    i.HAL_UART_Init                          0x08000f54   Section        0  stm32g0xx_hal_uart.o(i.HAL_UART_Init)
    i.HAL_UART_MspInit                       0x08000fc4   Section        0  usart.o(i.HAL_UART_MspInit)
    i.HAL_UART_Receive_IT                    0x08001030   Section        0  stm32g0xx_hal_uart.o(i.HAL_UART_Receive_IT)
    i.HAL_UART_RxCpltCallback                0x08001144   Section        0  main.o(i.HAL_UART_RxCpltCallback)
    i.HAL_UART_Transmit                      0x080011cc   Section        0  stm32g0xx_hal_uart.o(i.HAL_UART_Transmit)
    i.HAL_UART_TxCpltCallback                0x080012ac   Section        0  stm32g0xx_hal_uart.o(i.HAL_UART_TxCpltCallback)
    i.I2C_Master_Read                        0x080012b0   Section        0  i2c.o(i.I2C_Master_Read)
    i.I2C_Master_ReadByte                    0x08001354   Section        0  i2c.o(i.I2C_Master_ReadByte)
    i.I2C_Master_SCL_Output_OD_Init          0x080013a4   Section        0  i2c.o(i.I2C_Master_SCL_Output_OD_Init)
    i.I2C_Master_SDA_Output_OD_Init          0x080013f8   Section        0  i2c.o(i.I2C_Master_SDA_Output_OD_Init)
    i.I2C_Master_SDA_Rising_Falling_Init     0x0800144c   Section        0  i2c.o(i.I2C_Master_SDA_Rising_Falling_Init)
    i.I2C_Master_SendAck                     0x080014b0   Section        0  i2c.o(i.I2C_Master_SendAck)
    i.I2C_Master_SendByte                    0x080014d8   Section        0  i2c.o(i.I2C_Master_SendByte)
    i.I2C_Master_SendNAck                    0x0800153c   Section        0  i2c.o(i.I2C_Master_SendNAck)
    i.I2C_Master_Start                       0x08001560   Section        0  i2c.o(i.I2C_Master_Start)
    i.I2C_Master_Stop                        0x0800157c   Section        0  i2c.o(i.I2C_Master_Stop)
    i.I2C_Master_WaitAck                     0x0800159c   Section        0  i2c.o(i.I2C_Master_WaitAck)
    i.I2C_Master_Write                       0x080015c8   Section        0  i2c.o(i.I2C_Master_Write)
    i.I2C_SCL_1                              0x08001650   Section        0  i2c.o(i.I2C_SCL_1)
    i.I2C_Slave_SCL_Falling_Exti_Disable     0x0800166c   Section        0  i2c.o(i.I2C_Slave_SCL_Falling_Exti_Disable)
    i.I2C_Slave_SCL_Falling_Exti_Enable      0x0800167c   Section        0  i2c.o(i.I2C_Slave_SCL_Falling_Exti_Enable)
    i.I2C_Slave_SCL_Falling_Exti_Reable      0x080016bc   Section        0  i2c.o(i.I2C_Slave_SCL_Falling_Exti_Reable)
    i.I2C_Slave_SCL_Rising_Exti_Disable      0x080016d4   Section        0  i2c.o(i.I2C_Slave_SCL_Rising_Exti_Disable)
    i.I2C_Slave_SCL_Rising_Exti_Enable       0x080016e4   Section        0  i2c.o(i.I2C_Slave_SCL_Rising_Exti_Enable)
    i.I2C_Slave_SDA_GPIO_Output_OD_Init      0x080016f4   Section        0  i2c.o(i.I2C_Slave_SDA_GPIO_Output_OD_Init)
    i.I2C_Slave_SendAck                      0x08001738   Section        0  i2c.o(i.I2C_Slave_SendAck)
    i.I2C_Slave_SendNAck                     0x08001750   Section        0  i2c.o(i.I2C_Slave_SendNAck)
    i.I2C_To_UART                            0x0800175c   Section        0  main.o(i.I2C_To_UART)
    i.LED                                    0x08001914   Section        0  i2c.o(i.LED)
    i.LED_GPIO_Init                          0x08001938   Section        0  i2c.o(i.LED_GPIO_Init)
    i.MX_USART2_UART_Init                    0x08001974   Section        0  usart.o(i.MX_USART2_UART_Init)
    i.Master_EXTI_Falling_Callback           0x080019dc   Section        0  master.o(i.Master_EXTI_Falling_Callback)
    i.Master_EXTI_Rising_Callback            0x080019fc   Section        0  master.o(i.Master_EXTI_Rising_Callback)
    i.Slave_EXTI_Falling_Callback            0x08001a1c   Section        0  slave.o(i.Slave_EXTI_Falling_Callback)
    i.Slave_EXTI_Rising_Callback             0x08001a34   Section        0  slave.o(i.Slave_EXTI_Rising_Callback)
    i.String_To_Hex_Of_Data                  0x08001c04   Section        0  main.o(i.String_To_Hex_Of_Data)
    i.SysTick_Handler                        0x08001c52   Section        0  stm32g0xx_it.o(i.SysTick_Handler)
    i.SystemClock_Config                     0x08001c5a   Section        0  main.o(i.SystemClock_Config)
    i.SystemInit                             0x08001cb4   Section        0  system_stm32g0xx.o(i.SystemInit)
    i.UARTEx_SetNbDataToProcess              0x08001cc4   Section        0  stm32g0xx_hal_uart_ex.o(i.UARTEx_SetNbDataToProcess)
    UARTEx_SetNbDataToProcess                0x08001cc5   Thumb Code    80  stm32g0xx_hal_uart_ex.o(i.UARTEx_SetNbDataToProcess)
    i.UART_AdvFeatureConfig                  0x08001d24   Section        0  stm32g0xx_hal_uart.o(i.UART_AdvFeatureConfig)
    i.UART_CheckIdleState                    0x08001df0   Section        0  stm32g0xx_hal_uart.o(i.UART_CheckIdleState)
    i.UART_DMAAbortOnError                   0x08001e54   Section        0  stm32g0xx_hal_uart.o(i.UART_DMAAbortOnError)
    UART_DMAAbortOnError                     0x08001e55   Thumb Code    20  stm32g0xx_hal_uart.o(i.UART_DMAAbortOnError)
    i.UART_EndRxTransfer                     0x08001e68   Section        0  stm32g0xx_hal_uart.o(i.UART_EndRxTransfer)
    UART_EndRxTransfer                       0x08001e69   Thumb Code    34  stm32g0xx_hal_uart.o(i.UART_EndRxTransfer)
    i.UART_Process_Param                     0x08001e90   Section        0  main.o(i.UART_Process_Param)
    i.UART_RxISR_16BIT                       0x0800256c   Section        0  stm32g0xx_hal_uart.o(i.UART_RxISR_16BIT)
    UART_RxISR_16BIT                         0x0800256d   Thumb Code    94  stm32g0xx_hal_uart.o(i.UART_RxISR_16BIT)
    i.UART_RxISR_16BIT_FIFOEN                0x080025cc   Section        0  stm32g0xx_hal_uart.o(i.UART_RxISR_16BIT_FIFOEN)
    UART_RxISR_16BIT_FIFOEN                  0x080025cd   Thumb Code   150  stm32g0xx_hal_uart.o(i.UART_RxISR_16BIT_FIFOEN)
    i.UART_RxISR_8BIT                        0x0800266c   Section        0  stm32g0xx_hal_uart.o(i.UART_RxISR_8BIT)
    UART_RxISR_8BIT                          0x0800266d   Thumb Code    94  stm32g0xx_hal_uart.o(i.UART_RxISR_8BIT)
    i.UART_RxISR_8BIT_FIFOEN                 0x080026cc   Section        0  stm32g0xx_hal_uart.o(i.UART_RxISR_8BIT_FIFOEN)
    UART_RxISR_8BIT_FIFOEN                   0x080026cd   Thumb Code   150  stm32g0xx_hal_uart.o(i.UART_RxISR_8BIT_FIFOEN)
    i.UART_SetConfig                         0x0800276c   Section        0  stm32g0xx_hal_uart.o(i.UART_SetConfig)
    i.UART_WaitOnFlagUntilTimeout            0x08002a78   Section        0  stm32g0xx_hal_uart.o(i.UART_WaitOnFlagUntilTimeout)
    i.USART2_IRQHandler                      0x08002ae0   Section        0  stm32g0xx_it.o(i.USART2_IRQHandler)
    i.__NVIC_SetPriority                     0x08002afc   Section        0  stm32g0xx_hal_cortex.o(i.__NVIC_SetPriority)
    __NVIC_SetPriority                       0x08002afd   Thumb Code    60  stm32g0xx_hal_cortex.o(i.__NVIC_SetPriority)
    i.__scatterload_copy                     0x08002b40   Section       14  handlers.o(i.__scatterload_copy)
    i.__scatterload_null                     0x08002b4e   Section        2  handlers.o(i.__scatterload_null)
    i.__scatterload_zeroinit                 0x08002b50   Section       14  handlers.o(i.__scatterload_zeroinit)
    i.delay_ms                               0x08002b60   Section        0  i2c.o(i.delay_ms)
    i.delay_us                               0x08002b78   Section        0  i2c.o(i.delay_us)
    i.flag_reset                             0x08002b8c   Section        0  slave.o(i.flag_reset)
    i.get_units_mul                          0x08002ba4   Section        0  slave.o(i.get_units_mul)
    i.is_I2C_Slave_Start                     0x08002bc0   Section        0  i2c.o(i.is_I2C_Slave_Start)
    i.main                                   0x08002bdc   Section        0  main.o(i.main)
    i.master_start                           0x08002c14   Section        0  master.o(i.master_start)
    i.param_assert                           0x08002c2c   Section        0  slave.o(i.param_assert)
    i.set_led_duration                       0x08002cb8   Section        0  slave.o(i.set_led_duration)
    i.set_led_frequency                      0x08002cc4   Section        0  slave.o(i.set_led_frequency)
    i.slave_start                            0x08002cd0   Section        0  slave.o(i.slave_start)
    .constdata                               0x08002d10   Section       64  system_stm32g0xx.o(.constdata)
    .constdata                               0x08002d50   Section       32  system_stm32g0xx.o(.constdata)
    .data                                    0x20000000   Section        8  main.o(.data)
    .data                                    0x20000008   Section        1  i2c.o(.data)
    .data                                    0x2000000c   Section       26  slave.o(.data)
    .data                                    0x20000028   Section       12  stm32g0xx_hal.o(.data)
    .data                                    0x20000034   Section        4  system_stm32g0xx.o(.data)
    .bss                                     0x20000038   Section      255  main.o(.bss)
    .bss                                     0x20000137   Section       10  i2c.o(.bss)
    .bss                                     0x20000141   Section       10  master.o(.bss)
    .bss                                     0x2000014c   Section      140  usart.o(.bss)
    STACK                                    0x200001d8   Section     2048  startup_stm32g070xx.o(STACK)

    Global Symbols

    Symbol Name                              Value     Ov Type        Size  Object(Section)

    BuildAttributes$$THM_ISAv3M$S$PE$A:L22$X:L11$S22$IEEE1$IW$USESV6$~STKCKD$USESV7$~SHL$OSPACE$EBA8$MICROLIB$REQ8$PRES8$EABIv2 0x00000000   Number         0  anon$$obj.o ABSOLUTE
    __ARM_use_no_argv                        0x00000000   Number         0  main.o ABSOLUTE
    __cpp_initialize__aeabi_                  - Undefined Weak Reference
    __cxa_finalize                            - Undefined Weak Reference
    __decompress                              - Undefined Weak Reference
    _clock_init                               - Undefined Weak Reference
    _microlib_exit                            - Undefined Weak Reference
    __Vectors_Size                           0x000000b8   Number         0  startup_stm32g070xx.o ABSOLUTE
    __Vectors                                0x08000000   Data           4  startup_stm32g070xx.o(RESET)
    __Vectors_End                            0x080000b8   Data           0  startup_stm32g070xx.o(RESET)
    __main                                   0x080000b9   Thumb Code     0  entry.o(.ARM.Collect$$$$00000000)
    _main_stk                                0x080000b9   Thumb Code     0  entry2.o(.ARM.Collect$$$$00000001)
    _main_scatterload                        0x080000bd   Thumb Code     0  entry5.o(.ARM.Collect$$$$00000004)
    __main_after_scatterload                 0x080000c1   Thumb Code     0  entry5.o(.ARM.Collect$$$$00000004)
    _main_clock                              0x080000c1   Thumb Code     0  entry7b.o(.ARM.Collect$$$$00000008)
    _main_cpp_init                           0x080000c1   Thumb Code     0  entry8b.o(.ARM.Collect$$$$0000000A)
    _main_init                               0x080000c1   Thumb Code     0  entry9a.o(.ARM.Collect$$$$0000000B)
    __rt_final_cpp                           0x080000c9   Thumb Code     0  entry10a.o(.ARM.Collect$$$$0000000D)
    __rt_final_exit                          0x080000c9   Thumb Code     0  entry11a.o(.ARM.Collect$$$$0000000F)
    Reset_Handler                            0x080000cd   Thumb Code     8  startup_stm32g070xx.o(.text)
    NMI_Handler                              0x080000d5   Thumb Code     2  startup_stm32g070xx.o(.text)
    HardFault_Handler                        0x080000d7   Thumb Code     2  startup_stm32g070xx.o(.text)
    SVC_Handler                              0x080000d9   Thumb Code     2  startup_stm32g070xx.o(.text)
    PendSV_Handler                           0x080000db   Thumb Code     2  startup_stm32g070xx.o(.text)
    ADC1_IRQHandler                          0x080000df   Thumb Code     0  startup_stm32g070xx.o(.text)
    DMA1_Ch4_7_DMAMUX1_OVR_IRQHandler        0x080000df   Thumb Code     0  startup_stm32g070xx.o(.text)
    DMA1_Channel1_IRQHandler                 0x080000df   Thumb Code     0  startup_stm32g070xx.o(.text)
    DMA1_Channel2_3_IRQHandler               0x080000df   Thumb Code     0  startup_stm32g070xx.o(.text)
    EXTI0_1_IRQHandler                       0x080000df   Thumb Code     0  startup_stm32g070xx.o(.text)
    EXTI2_3_IRQHandler                       0x080000df   Thumb Code     0  startup_stm32g070xx.o(.text)
    FLASH_IRQHandler                         0x080000df   Thumb Code     0  startup_stm32g070xx.o(.text)
    I2C1_IRQHandler                          0x080000df   Thumb Code     0  startup_stm32g070xx.o(.text)
    I2C2_IRQHandler                          0x080000df   Thumb Code     0  startup_stm32g070xx.o(.text)
    RCC_IRQHandler                           0x080000df   Thumb Code     0  startup_stm32g070xx.o(.text)
    RTC_TAMP_IRQHandler                      0x080000df   Thumb Code     0  startup_stm32g070xx.o(.text)
    SPI1_IRQHandler                          0x080000df   Thumb Code     0  startup_stm32g070xx.o(.text)
    SPI2_IRQHandler                          0x080000df   Thumb Code     0  startup_stm32g070xx.o(.text)
    TIM14_IRQHandler                         0x080000df   Thumb Code     0  startup_stm32g070xx.o(.text)
    TIM15_IRQHandler                         0x080000df   Thumb Code     0  startup_stm32g070xx.o(.text)
    TIM16_IRQHandler                         0x080000df   Thumb Code     0  startup_stm32g070xx.o(.text)
    TIM17_IRQHandler                         0x080000df   Thumb Code     0  startup_stm32g070xx.o(.text)
    TIM1_BRK_UP_TRG_COM_IRQHandler           0x080000df   Thumb Code     0  startup_stm32g070xx.o(.text)
    TIM1_CC_IRQHandler                       0x080000df   Thumb Code     0  startup_stm32g070xx.o(.text)
    TIM3_IRQHandler                          0x080000df   Thumb Code     0  startup_stm32g070xx.o(.text)
    TIM6_IRQHandler                          0x080000df   Thumb Code     0  startup_stm32g070xx.o(.text)
    TIM7_IRQHandler                          0x080000df   Thumb Code     0  startup_stm32g070xx.o(.text)
    USART1_IRQHandler                        0x080000df   Thumb Code     0  startup_stm32g070xx.o(.text)
    USART3_4_IRQHandler                      0x080000df   Thumb Code     0  startup_stm32g070xx.o(.text)
    WWDG_IRQHandler                          0x080000df   Thumb Code     0  startup_stm32g070xx.o(.text)
    __aeabi_uidiv                            0x080000e9   Thumb Code     0  uidiv.o(.text)
    __aeabi_uidivmod                         0x080000e9   Thumb Code    44  uidiv.o(.text)
    __aeabi_memcpy                           0x08000115   Thumb Code    36  memcpya.o(.text)
    __aeabi_memcpy4                          0x08000115   Thumb Code     0  memcpya.o(.text)
    __aeabi_memcpy8                          0x08000115   Thumb Code     0  memcpya.o(.text)
    __aeabi_memset                           0x08000139   Thumb Code    14  memseta.o(.text)
    __aeabi_memset4                          0x08000139   Thumb Code     0  memseta.o(.text)
    __aeabi_memset8                          0x08000139   Thumb Code     0  memseta.o(.text)
    __aeabi_memclr                           0x08000147   Thumb Code     4  memseta.o(.text)
    __aeabi_memclr4                          0x08000147   Thumb Code     0  memseta.o(.text)
    __aeabi_memclr8                          0x08000147   Thumb Code     0  memseta.o(.text)
    _memset$wrapper                          0x0800014b   Thumb Code    18  memseta.o(.text)
    strlen                                   0x0800015d   Thumb Code    14  strlen.o(.text)
    strcmp                                   0x0800016b   Thumb Code    28  strcmp.o(.text)
    __scatterload                            0x08000189   Thumb Code    28  init.o(.text)
    __scatterload_rt2                        0x08000189   Thumb Code     0  init.o(.text)
    Data_Transfer                            0x080001ad   Thumb Code    70  slave.o(i.Data_Transfer)
    Date_To_I2CBuff                          0x08000201   Thumb Code    66  slave.o(i.Date_To_I2CBuff)
    EXTI4_15_IRQHandler                      0x0800024d   Thumb Code    22  stm32g0xx_it.o(i.EXTI4_15_IRQHandler)
    Error_Handler                            0x08000269   Thumb Code     2  main.o(i.Error_Handler)
    HAL_DMA_Abort_IT                         0x0800026d   Thumb Code   122  stm32g0xx_hal_dma.o(i.HAL_DMA_Abort_IT)
    HAL_GPIO_DeInit                          0x080002ed   Thumb Code   196  stm32g0xx_hal_gpio.o(i.HAL_GPIO_DeInit)
    HAL_GPIO_EXTI_Falling_Callback           0x080003c1   Thumb Code    34  main.o(i.HAL_GPIO_EXTI_Falling_Callback)
    HAL_GPIO_EXTI_IRQHandler                 0x080003e9   Thumb Code    36  stm32g0xx_hal_gpio.o(i.HAL_GPIO_EXTI_IRQHandler)
    HAL_GPIO_EXTI_Rising_Callback            0x08000411   Thumb Code    34  main.o(i.HAL_GPIO_EXTI_Rising_Callback)
    HAL_GPIO_Init                            0x08000439   Thumb Code   292  stm32g0xx_hal_gpio.o(i.HAL_GPIO_Init)
    HAL_GPIO_ReadPin                         0x0800056d   Thumb Code    10  stm32g0xx_hal_gpio.o(i.HAL_GPIO_ReadPin)
    HAL_GPIO_WritePin                        0x08000577   Thumb Code    12  stm32g0xx_hal_gpio.o(i.HAL_GPIO_WritePin)
    HAL_GetTick                              0x08000585   Thumb Code     6  stm32g0xx_hal.o(i.HAL_GetTick)
    HAL_IncTick                              0x08000591   Thumb Code    12  stm32g0xx_hal.o(i.HAL_IncTick)
    HAL_Init                                 0x080005a1   Thumb Code    36  stm32g0xx_hal.o(i.HAL_Init)
    HAL_InitTick                             0x080005c9   Thumb Code    64  stm32g0xx_hal.o(i.HAL_InitTick)
    HAL_MspInit                              0x08000611   Thumb Code    46  stm32g0xx_hal_msp.o(i.HAL_MspInit)
    HAL_NVIC_EnableIRQ                       0x08000645   Thumb Code    18  stm32g0xx_hal_cortex.o(i.HAL_NVIC_EnableIRQ)
    HAL_NVIC_SetPriority                     0x0800065d   Thumb Code     8  stm32g0xx_hal_cortex.o(i.HAL_NVIC_SetPriority)
    HAL_PWREx_ControlVoltageScaling          0x08000665   Thumb Code    62  stm32g0xx_hal_pwr_ex.o(i.HAL_PWREx_ControlVoltageScaling)
    HAL_RCC_ClockConfig                      0x080006b1   Thumb Code   318  stm32g0xx_hal_rcc.o(i.HAL_RCC_ClockConfig)
    HAL_RCC_GetPCLK1Freq                     0x08000809   Thumb Code    26  stm32g0xx_hal_rcc.o(i.HAL_RCC_GetPCLK1Freq)
    HAL_RCC_GetSysClockFreq                  0x08000831   Thumb Code   130  stm32g0xx_hal_rcc.o(i.HAL_RCC_GetSysClockFreq)
    HAL_RCC_OscConfig                        0x080008bd   Thumb Code   954  stm32g0xx_hal_rcc.o(i.HAL_RCC_OscConfig)
    HAL_SYSCFG_StrobeDBattpinsConfig         0x08000c9d   Thumb Code    16  stm32g0xx_hal.o(i.HAL_SYSCFG_StrobeDBattpinsConfig)
    HAL_SYSTICK_Config                       0x08000cb1   Thumb Code    38  stm32g0xx_hal_cortex.o(i.HAL_SYSTICK_Config)
    HAL_UARTEx_DisableFifoMode               0x08000ce1   Thumb Code    66  stm32g0xx_hal_uart_ex.o(i.HAL_UARTEx_DisableFifoMode)
    HAL_UARTEx_RxFifoFullCallback            0x08000d23   Thumb Code     2  stm32g0xx_hal_uart_ex.o(i.HAL_UARTEx_RxFifoFullCallback)
    HAL_UARTEx_SetRxFifoThreshold            0x08000d25   Thumb Code    78  stm32g0xx_hal_uart_ex.o(i.HAL_UARTEx_SetRxFifoThreshold)
    HAL_UARTEx_SetTxFifoThreshold            0x08000d73   Thumb Code    76  stm32g0xx_hal_uart_ex.o(i.HAL_UARTEx_SetTxFifoThreshold)
    HAL_UARTEx_TxFifoEmptyCallback           0x08000dbf   Thumb Code     2  stm32g0xx_hal_uart_ex.o(i.HAL_UARTEx_TxFifoEmptyCallback)
    HAL_UARTEx_WakeupCallback                0x08000dc1   Thumb Code     2  stm32g0xx_hal_uart_ex.o(i.HAL_UARTEx_WakeupCallback)
    HAL_UART_ErrorCallback                   0x08000dc3   Thumb Code     2  stm32g0xx_hal_uart.o(i.HAL_UART_ErrorCallback)
    HAL_UART_GetState                        0x08000dc5   Thumb Code    12  stm32g0xx_hal_uart.o(i.HAL_UART_GetState)
    HAL_UART_IRQHandler                      0x08000dd1   Thumb Code   380  stm32g0xx_hal_uart.o(i.HAL_UART_IRQHandler)
    HAL_UART_Init                            0x08000f55   Thumb Code   112  stm32g0xx_hal_uart.o(i.HAL_UART_Init)
    HAL_UART_MspInit                         0x08000fc5   Thumb Code   100  usart.o(i.HAL_UART_MspInit)
    HAL_UART_Receive_IT                      0x08001031   Thumb Code   254  stm32g0xx_hal_uart.o(i.HAL_UART_Receive_IT)
    HAL_UART_RxCpltCallback                  0x08001145   Thumb Code    88  main.o(i.HAL_UART_RxCpltCallback)
    HAL_UART_Transmit                        0x080011cd   Thumb Code   224  stm32g0xx_hal_uart.o(i.HAL_UART_Transmit)
    HAL_UART_TxCpltCallback                  0x080012ad   Thumb Code     2  stm32g0xx_hal_uart.o(i.HAL_UART_TxCpltCallback)
    I2C_Master_Read                          0x080012b1   Thumb Code   150  i2c.o(i.I2C_Master_Read)
    I2C_Master_ReadByte                      0x08001355   Thumb Code    76  i2c.o(i.I2C_Master_ReadByte)
    I2C_Master_SCL_Output_OD_Init            0x080013a5   Thumb Code    76  i2c.o(i.I2C_Master_SCL_Output_OD_Init)
    I2C_Master_SDA_Output_OD_Init            0x080013f9   Thumb Code    76  i2c.o(i.I2C_Master_SDA_Output_OD_Init)
    I2C_Master_SDA_Rising_Falling_Init       0x0800144d   Thumb Code    84  i2c.o(i.I2C_Master_SDA_Rising_Falling_Init)
    I2C_Master_SendAck                       0x080014b1   Thumb Code    34  i2c.o(i.I2C_Master_SendAck)
    I2C_Master_SendByte                      0x080014d9   Thumb Code    96  i2c.o(i.I2C_Master_SendByte)
    I2C_Master_SendNAck                      0x0800153d   Thumb Code    30  i2c.o(i.I2C_Master_SendNAck)
    I2C_Master_Start                         0x08001561   Thumb Code    22  i2c.o(i.I2C_Master_Start)
    I2C_Master_Stop                          0x0800157d   Thumb Code    26  i2c.o(i.I2C_Master_Stop)
    I2C_Master_WaitAck                       0x0800159d   Thumb Code    38  i2c.o(i.I2C_Master_WaitAck)
    I2C_Master_Write                         0x080015c9   Thumb Code   124  i2c.o(i.I2C_Master_Write)
    I2C_SCL_1                                0x08001651   Thumb Code    22  i2c.o(i.I2C_SCL_1)
    I2C_Slave_SCL_Falling_Exti_Disable       0x0800166d   Thumb Code    12  i2c.o(i.I2C_Slave_SCL_Falling_Exti_Disable)
    I2C_Slave_SCL_Falling_Exti_Enable        0x0800167d   Thumb Code    56  i2c.o(i.I2C_Slave_SCL_Falling_Exti_Enable)
    I2C_Slave_SCL_Falling_Exti_Reable        0x080016bd   Thumb Code    20  i2c.o(i.I2C_Slave_SCL_Falling_Exti_Reable)
    I2C_Slave_SCL_Rising_Exti_Disable        0x080016d5   Thumb Code    12  i2c.o(i.I2C_Slave_SCL_Rising_Exti_Disable)
    I2C_Slave_SCL_Rising_Exti_Enable         0x080016e5   Thumb Code    12  i2c.o(i.I2C_Slave_SCL_Rising_Exti_Enable)
    I2C_Slave_SDA_GPIO_Output_OD_Init        0x080016f5   Thumb Code    60  i2c.o(i.I2C_Slave_SDA_GPIO_Output_OD_Init)
    I2C_Slave_SendAck                        0x08001739   Thumb Code    18  i2c.o(i.I2C_Slave_SendAck)
    I2C_Slave_SendNAck                       0x08001751   Thumb Code     8  i2c.o(i.I2C_Slave_SendNAck)
    I2C_To_UART                              0x0800175d   Thumb Code   350  main.o(i.I2C_To_UART)
    LED                                      0x08001915   Thumb Code    36  i2c.o(i.LED)
    LED_GPIO_Init                            0x08001939   Thumb Code    56  i2c.o(i.LED_GPIO_Init)
    MX_USART2_UART_Init                      0x08001975   Thumb Code    96  usart.o(i.MX_USART2_UART_Init)
    Master_EXTI_Falling_Callback             0x080019dd   Thumb Code    22  master.o(i.Master_EXTI_Falling_Callback)
    Master_EXTI_Rising_Callback              0x080019fd   Thumb Code    22  master.o(i.Master_EXTI_Rising_Callback)
    Slave_EXTI_Falling_Callback              0x08001a1d   Thumb Code    24  slave.o(i.Slave_EXTI_Falling_Callback)
    Slave_EXTI_Rising_Callback               0x08001a35   Thumb Code   422  slave.o(i.Slave_EXTI_Rising_Callback)
    String_To_Hex_Of_Data                    0x08001c05   Thumb Code    78  main.o(i.String_To_Hex_Of_Data)
    SysTick_Handler                          0x08001c53   Thumb Code     8  stm32g0xx_it.o(i.SysTick_Handler)
    SystemClock_Config                       0x08001c5b   Thumb Code    90  main.o(i.SystemClock_Config)
    SystemInit                               0x08001cb5   Thumb Code    10  system_stm32g0xx.o(i.SystemInit)
    UART_AdvFeatureConfig                    0x08001d25   Thumb Code   202  stm32g0xx_hal_uart.o(i.UART_AdvFeatureConfig)
    UART_CheckIdleState                      0x08001df1   Thumb Code    94  stm32g0xx_hal_uart.o(i.UART_CheckIdleState)
    UART_Process_Param                       0x08001e91   Thumb Code  1636  main.o(i.UART_Process_Param)
    UART_SetConfig                           0x0800276d   Thumb Code   744  stm32g0xx_hal_uart.o(i.UART_SetConfig)
    UART_WaitOnFlagUntilTimeout              0x08002a79   Thumb Code   102  stm32g0xx_hal_uart.o(i.UART_WaitOnFlagUntilTimeout)
    USART2_IRQHandler                        0x08002ae1   Thumb Code    20  stm32g0xx_it.o(i.USART2_IRQHandler)
    __scatterload_copy                       0x08002b41   Thumb Code    14  handlers.o(i.__scatterload_copy)
    __scatterload_null                       0x08002b4f   Thumb Code     2  handlers.o(i.__scatterload_null)
    __scatterload_zeroinit                   0x08002b51   Thumb Code    14  handlers.o(i.__scatterload_zeroinit)
    delay_ms                                 0x08002b61   Thumb Code    20  i2c.o(i.delay_ms)
    delay_us                                 0x08002b79   Thumb Code    20  i2c.o(i.delay_us)
    flag_reset                               0x08002b8d   Thumb Code    20  slave.o(i.flag_reset)
    get_units_mul                            0x08002ba5   Thumb Code    22  slave.o(i.get_units_mul)
    is_I2C_Slave_Start                       0x08002bc1   Thumb Code    22  i2c.o(i.is_I2C_Slave_Start)
    main                                     0x08002bdd   Thumb Code    44  main.o(i.main)
    master_start                             0x08002c15   Thumb Code    20  master.o(i.master_start)
    param_assert                             0x08002c2d   Thumb Code   118  slave.o(i.param_assert)
    set_led_duration                         0x08002cb9   Thumb Code     6  slave.o(i.set_led_duration)
    set_led_frequency                        0x08002cc5   Thumb Code     6  slave.o(i.set_led_frequency)
    slave_start                              0x08002cd1   Thumb Code    56  slave.o(i.slave_start)
    AHBPrescTable                            0x08002d10   Data          64  system_stm32g0xx.o(.constdata)
    APBPrescTable                            0x08002d50   Data          32  system_stm32g0xx.o(.constdata)
    Region$$Table$$Base                      0x08002d70   Number         0  anon$$obj.o(Region$$Table)
    Region$$Table$$Limit                     0x08002d90   Number         0  anon$$obj.o(Region$$Table)
    Rx_Byte                                  0x20000000   Data           1  main.o(.data)
    uart_rx_cnt                              0x20000001   Data           1  main.o(.data)
    running_state                            0x20000002   Data           1  main.o(.data)
    running                                  0x20000004   Data           4  main.o(.data)
    I2C_Bus_state                            0x20000008   Data           1  i2c.o(.data)
    bit_location                             0x2000000c   Data           1  slave.o(.data)
    a_bit_value                              0x2000000d   Data           1  slave.o(.data)
    receive_cnt                              0x2000000e   Data           1  slave.o(.data)
    receive_len                              0x2000000f   Data           1  slave.o(.data)
    sent_cnt                                 0x20000010   Data           1  slave.o(.data)
    option                                   0x20000011   Data           1  slave.o(.data)
    led_frequency                            0x20000014   Data           4  slave.o(.data)
    led_duration                             0x20000018   Data           4  slave.o(.data)
    sent_buff                                0x2000001c   Data          10  slave.o(.data)
    uwTickPrio                               0x20000028   Data           4  stm32g0xx_hal.o(.data)
    uwTickFreq                               0x2000002c   Data           4  stm32g0xx_hal.o(.data)
    uwTick                                   0x20000030   Data           4  stm32g0xx_hal.o(.data)
    SystemCoreClock                          0x20000034   Data           4  system_stm32g0xx.o(.data)
    UART_Rx_Buffer                           0x20000038   Data         255  main.o(.bss)
    I2C_buff                                 0x20000137   Data          10  i2c.o(.bss)
    I2C_receive_buff                         0x20000141   Data          10  master.o(.bss)
    huart2                                   0x2000014c   Data         140  usart.o(.bss)
    __initial_sp                             0x200009d8   Data           0  startup_stm32g070xx.o(STACK)



==============================================================================

Memory Map of the image

  Image Entry point : 0x080000b9

  Load Region LR_IROM1 (Base: 0x08000000, Size: 0x00002dc8, Max: 0x00020000, ABSOLUTE)

    Execution Region ER_IROM1 (Exec base: 0x08000000, Load base: 0x08000000, Size: 0x00002d90, Max: 0x00020000, ABSOLUTE)

    Exec Addr    Load Addr    Size         Type   Attr      Idx    E Section Name        Object

    0x08000000   0x08000000   0x000000b8   Data   RO            3    RESET               startup_stm32g070xx.o
    0x080000b8   0x080000b8   0x00000000   Code   RO         2291  * .ARM.Collect$$$$00000000  mc_p.l(entry.o)
    0x080000b8   0x080000b8   0x00000004   Code   RO         2306    .ARM.Collect$$$$00000001  mc_p.l(entry2.o)
    0x080000bc   0x080000bc   0x00000004   Code   RO         2309    .ARM.Collect$$$$00000004  mc_p.l(entry5.o)
    0x080000c0   0x080000c0   0x00000000   Code   RO         2311    .ARM.Collect$$$$00000008  mc_p.l(entry7b.o)
    0x080000c0   0x080000c0   0x00000000   Code   RO         2313    .ARM.Collect$$$$0000000A  mc_p.l(entry8b.o)
    0x080000c0   0x080000c0   0x00000008   Code   RO         2314    .ARM.Collect$$$$0000000B  mc_p.l(entry9a.o)
    0x080000c8   0x080000c8   0x00000000   Code   RO         2316    .ARM.Collect$$$$0000000D  mc_p.l(entry10a.o)
    0x080000c8   0x080000c8   0x00000000   Code   RO         2318    .ARM.Collect$$$$0000000F  mc_p.l(entry11a.o)
    0x080000c8   0x080000c8   0x00000004   Code   RO         2307    .ARM.Collect$$$$00002712  mc_p.l(entry2.o)
    0x080000cc   0x080000cc   0x0000001c   Code   RO            4    .text               startup_stm32g070xx.o
    0x080000e8   0x080000e8   0x0000002c   Code   RO         2294    .text               mc_p.l(uidiv.o)
    0x08000114   0x08000114   0x00000024   Code   RO         2296    .text               mc_p.l(memcpya.o)
    0x08000138   0x08000138   0x00000024   Code   RO         2298    .text               mc_p.l(memseta.o)
    0x0800015c   0x0800015c   0x0000000e   Code   RO         2300    .text               mc_p.l(strlen.o)
    0x0800016a   0x0800016a   0x0000001c   Code   RO         2302    .text               mc_p.l(strcmp.o)
    0x08000186   0x08000186   0x00000002   PAD
    0x08000188   0x08000188   0x00000024   Code   RO         2320    .text               mc_p.l(init.o)
    0x080001ac   0x080001ac   0x00000054   Code   RO          491    i.Data_Transfer     slave.o
    0x08000200   0x08000200   0x0000004c   Code   RO          492    i.Date_To_I2CBuff   slave.o
    0x0800024c   0x0800024c   0x0000001c   Code   RO          231    i.EXTI4_15_IRQHandler  stm32g0xx_it.o
    0x08000268   0x08000268   0x00000002   Code   RO           12    i.Error_Handler     main.o
    0x0800026a   0x0800026a   0x00000002   PAD
    0x0800026c   0x0800026c   0x00000080   Code   RO         1086    i.HAL_DMA_Abort_IT  stm32g0xx_hal_dma.o
    0x080002ec   0x080002ec   0x000000d4   Code   RO          645    i.HAL_GPIO_DeInit   stm32g0xx_hal_gpio.o
    0x080003c0   0x080003c0   0x00000028   Code   RO           13    i.HAL_GPIO_EXTI_Falling_Callback  main.o
    0x080003e8   0x080003e8   0x00000028   Code   RO          647    i.HAL_GPIO_EXTI_IRQHandler  stm32g0xx_hal_gpio.o
    0x08000410   0x08000410   0x00000028   Code   RO           14    i.HAL_GPIO_EXTI_Rising_Callback  main.o
    0x08000438   0x08000438   0x00000134   Code   RO          649    i.HAL_GPIO_Init     stm32g0xx_hal_gpio.o
    0x0800056c   0x0800056c   0x0000000a   Code   RO          651    i.HAL_GPIO_ReadPin  stm32g0xx_hal_gpio.o
    0x08000576   0x08000576   0x0000000c   Code   RO          653    i.HAL_GPIO_WritePin  stm32g0xx_hal_gpio.o
    0x08000582   0x08000582   0x00000002   PAD
    0x08000584   0x08000584   0x0000000c   Code   RO         1549    i.HAL_GetTick       stm32g0xx_hal.o
    0x08000590   0x08000590   0x00000010   Code   RO         1555    i.HAL_IncTick       stm32g0xx_hal.o
    0x080005a0   0x080005a0   0x00000028   Code   RO         1556    i.HAL_Init          stm32g0xx_hal.o
    0x080005c8   0x080005c8   0x00000048   Code   RO         1557    i.HAL_InitTick      stm32g0xx_hal.o
    0x08000610   0x08000610   0x00000034   Code   RO          275    i.HAL_MspInit       stm32g0xx_hal_msp.o
    0x08000644   0x08000644   0x00000018   Code   RO         1433    i.HAL_NVIC_EnableIRQ  stm32g0xx_hal_cortex.o
    0x0800065c   0x0800065c   0x00000008   Code   RO         1437    i.HAL_NVIC_SetPriority  stm32g0xx_hal_cortex.o
    0x08000664   0x08000664   0x0000004c   Code   RO         1318    i.HAL_PWREx_ControlVoltageScaling  stm32g0xx_hal_pwr_ex.o
    0x080006b0   0x080006b0   0x00000158   Code   RO          742    i.HAL_RCC_ClockConfig  stm32g0xx_hal_rcc.o
    0x08000808   0x08000808   0x00000028   Code   RO          750    i.HAL_RCC_GetPCLK1Freq  stm32g0xx_hal_rcc.o
    0x08000830   0x08000830   0x0000008c   Code   RO          751    i.HAL_RCC_GetSysClockFreq  stm32g0xx_hal_rcc.o
    0x080008bc   0x080008bc   0x000003e0   Code   RO          755    i.HAL_RCC_OscConfig  stm32g0xx_hal_rcc.o
    0x08000c9c   0x08000c9c   0x00000014   Code   RO         1565    i.HAL_SYSCFG_StrobeDBattpinsConfig  stm32g0xx_hal.o
    0x08000cb0   0x08000cb0   0x00000030   Code   RO         1441    i.HAL_SYSTICK_Config  stm32g0xx_hal_cortex.o
    0x08000ce0   0x08000ce0   0x00000042   Code   RO         2170    i.HAL_UARTEx_DisableFifoMode  stm32g0xx_hal_uart_ex.o
    0x08000d22   0x08000d22   0x00000002   Code   RO         2174    i.HAL_UARTEx_RxFifoFullCallback  stm32g0xx_hal_uart_ex.o
    0x08000d24   0x08000d24   0x0000004e   Code   RO         2175    i.HAL_UARTEx_SetRxFifoThreshold  stm32g0xx_hal_uart_ex.o
    0x08000d72   0x08000d72   0x0000004c   Code   RO         2176    i.HAL_UARTEx_SetTxFifoThreshold  stm32g0xx_hal_uart_ex.o
    0x08000dbe   0x08000dbe   0x00000002   Code   RO         2178    i.HAL_UARTEx_TxFifoEmptyCallback  stm32g0xx_hal_uart_ex.o
    0x08000dc0   0x08000dc0   0x00000002   Code   RO         2179    i.HAL_UARTEx_WakeupCallback  stm32g0xx_hal_uart_ex.o
    0x08000dc2   0x08000dc2   0x00000002   Code   RO         1818    i.HAL_UART_ErrorCallback  stm32g0xx_hal_uart.o
    0x08000dc4   0x08000dc4   0x0000000c   Code   RO         1820    i.HAL_UART_GetState  stm32g0xx_hal_uart.o
    0x08000dd0   0x08000dd0   0x00000184   Code   RO         1821    i.HAL_UART_IRQHandler  stm32g0xx_hal_uart.o
    0x08000f54   0x08000f54   0x00000070   Code   RO         1822    i.HAL_UART_Init     stm32g0xx_hal_uart.o
    0x08000fc4   0x08000fc4   0x0000006c   Code   RO          603    i.HAL_UART_MspInit  usart.o
    0x08001030   0x08001030   0x00000114   Code   RO         1827    i.HAL_UART_Receive_IT  stm32g0xx_hal_uart.o
    0x08001144   0x08001144   0x00000088   Code   RO           15    i.HAL_UART_RxCpltCallback  main.o
    0x080011cc   0x080011cc   0x000000e0   Code   RO         1830    i.HAL_UART_Transmit  stm32g0xx_hal_uart.o
    0x080012ac   0x080012ac   0x00000002   Code   RO         1833    i.HAL_UART_TxCpltCallback  stm32g0xx_hal_uart.o
    0x080012ae   0x080012ae   0x00000002   PAD
    0x080012b0   0x080012b0   0x000000a4   Code   RO          299    i.I2C_Master_Read   i2c.o
    0x08001354   0x08001354   0x00000050   Code   RO          300    i.I2C_Master_ReadByte  i2c.o
    0x080013a4   0x080013a4   0x00000054   Code   RO          301    i.I2C_Master_SCL_Output_OD_Init  i2c.o
    0x080013f8   0x080013f8   0x00000054   Code   RO          302    i.I2C_Master_SDA_Output_OD_Init  i2c.o
    0x0800144c   0x0800144c   0x00000064   Code   RO          303    i.I2C_Master_SDA_Rising_Falling_Init  i2c.o
    0x080014b0   0x080014b0   0x00000028   Code   RO          305    i.I2C_Master_SendAck  i2c.o
    0x080014d8   0x080014d8   0x00000064   Code   RO          306    i.I2C_Master_SendByte  i2c.o
    0x0800153c   0x0800153c   0x00000024   Code   RO          307    i.I2C_Master_SendNAck  i2c.o
    0x08001560   0x08001560   0x0000001c   Code   RO          308    i.I2C_Master_Start  i2c.o
    0x0800157c   0x0800157c   0x00000020   Code   RO          309    i.I2C_Master_Stop   i2c.o
    0x0800159c   0x0800159c   0x0000002c   Code   RO          310    i.I2C_Master_WaitAck  i2c.o
    0x080015c8   0x080015c8   0x00000088   Code   RO          311    i.I2C_Master_Write  i2c.o
    0x08001650   0x08001650   0x0000001c   Code   RO          312    i.I2C_SCL_1         i2c.o
    0x0800166c   0x0800166c   0x00000010   Code   RO          313    i.I2C_Slave_SCL_Falling_Exti_Disable  i2c.o
    0x0800167c   0x0800167c   0x00000040   Code   RO          314    i.I2C_Slave_SCL_Falling_Exti_Enable  i2c.o
    0x080016bc   0x080016bc   0x00000018   Code   RO          315    i.I2C_Slave_SCL_Falling_Exti_Reable  i2c.o
    0x080016d4   0x080016d4   0x00000010   Code   RO          316    i.I2C_Slave_SCL_Rising_Exti_Disable  i2c.o
    0x080016e4   0x080016e4   0x00000010   Code   RO          317    i.I2C_Slave_SCL_Rising_Exti_Enable  i2c.o
    0x080016f4   0x080016f4   0x00000044   Code   RO          318    i.I2C_Slave_SDA_GPIO_Output_OD_Init  i2c.o
    0x08001738   0x08001738   0x00000018   Code   RO          319    i.I2C_Slave_SendAck  i2c.o
    0x08001750   0x08001750   0x0000000c   Code   RO          320    i.I2C_Slave_SendNAck  i2c.o
    0x0800175c   0x0800175c   0x000001b8   Code   RO           16    i.I2C_To_UART       main.o
    0x08001914   0x08001914   0x00000024   Code   RO          322    i.LED               i2c.o
    0x08001938   0x08001938   0x0000003c   Code   RO          323    i.LED_GPIO_Init     i2c.o
    0x08001974   0x08001974   0x00000068   Code   RO          604    i.MX_USART2_UART_Init  usart.o
    0x080019dc   0x080019dc   0x00000020   Code   RO          566    i.Master_EXTI_Falling_Callback  master.o
    0x080019fc   0x080019fc   0x00000020   Code   RO          567    i.Master_EXTI_Rising_Callback  master.o
    0x08001a1c   0x08001a1c   0x00000018   Code   RO          493    i.Slave_EXTI_Falling_Callback  slave.o
    0x08001a34   0x08001a34   0x000001d0   Code   RO          494    i.Slave_EXTI_Rising_Callback  slave.o
    0x08001c04   0x08001c04   0x0000004e   Code   RO           17    i.String_To_Hex_Of_Data  main.o
    0x08001c52   0x08001c52   0x00000008   Code   RO          232    i.SysTick_Handler   stm32g0xx_it.o
    0x08001c5a   0x08001c5a   0x0000005a   Code   RO           19    i.SystemClock_Config  main.o
    0x08001cb4   0x08001cb4   0x00000010   Code   RO         2260    i.SystemInit        system_stm32g0xx.o
    0x08001cc4   0x08001cc4   0x00000060   Code   RO         2180    i.UARTEx_SetNbDataToProcess  stm32g0xx_hal_uart_ex.o
    0x08001d24   0x08001d24   0x000000ca   Code   RO         1835    i.UART_AdvFeatureConfig  stm32g0xx_hal_uart.o
    0x08001dee   0x08001dee   0x00000002   PAD
    0x08001df0   0x08001df0   0x00000064   Code   RO         1836    i.UART_CheckIdleState  stm32g0xx_hal_uart.o
    0x08001e54   0x08001e54   0x00000014   Code   RO         1837    i.UART_DMAAbortOnError  stm32g0xx_hal_uart.o
    0x08001e68   0x08001e68   0x00000028   Code   RO         1847    i.UART_EndRxTransfer  stm32g0xx_hal_uart.o
    0x08001e90   0x08001e90   0x000006dc   Code   RO           20    i.UART_Process_Param  main.o
    0x0800256c   0x0800256c   0x0000005e   Code   RO         1849    i.UART_RxISR_16BIT  stm32g0xx_hal_uart.o
    0x080025ca   0x080025ca   0x00000002   PAD
    0x080025cc   0x080025cc   0x000000a0   Code   RO         1850    i.UART_RxISR_16BIT_FIFOEN  stm32g0xx_hal_uart.o
    0x0800266c   0x0800266c   0x0000005e   Code   RO         1851    i.UART_RxISR_8BIT   stm32g0xx_hal_uart.o
    0x080026ca   0x080026ca   0x00000002   PAD
    0x080026cc   0x080026cc   0x000000a0   Code   RO         1852    i.UART_RxISR_8BIT_FIFOEN  stm32g0xx_hal_uart.o
    0x0800276c   0x0800276c   0x0000030c   Code   RO         1853    i.UART_SetConfig    stm32g0xx_hal_uart.o
    0x08002a78   0x08002a78   0x00000066   Code   RO         1858    i.UART_WaitOnFlagUntilTimeout  stm32g0xx_hal_uart.o
    0x08002ade   0x08002ade   0x00000002   PAD
    0x08002ae0   0x08002ae0   0x0000001c   Code   RO          233    i.USART2_IRQHandler  stm32g0xx_it.o
    0x08002afc   0x08002afc   0x00000044   Code   RO         1443    i.__NVIC_SetPriority  stm32g0xx_hal_cortex.o
    0x08002b40   0x08002b40   0x0000000e   Code   RO         2324    i.__scatterload_copy  mc_p.l(handlers.o)
    0x08002b4e   0x08002b4e   0x00000002   Code   RO         2325    i.__scatterload_null  mc_p.l(handlers.o)
    0x08002b50   0x08002b50   0x0000000e   Code   RO         2326    i.__scatterload_zeroinit  mc_p.l(handlers.o)
    0x08002b5e   0x08002b5e   0x00000002   PAD
    0x08002b60   0x08002b60   0x00000018   Code   RO          324    i.delay_ms          i2c.o
    0x08002b78   0x08002b78   0x00000014   Code   RO          325    i.delay_us          i2c.o
    0x08002b8c   0x08002b8c   0x00000018   Code   RO          495    i.flag_reset        slave.o
    0x08002ba4   0x08002ba4   0x0000001c   Code   RO          496    i.get_units_mul     slave.o
    0x08002bc0   0x08002bc0   0x0000001c   Code   RO          326    i.is_I2C_Slave_Start  i2c.o
    0x08002bdc   0x08002bdc   0x00000038   Code   RO           21    i.main              main.o
    0x08002c14   0x08002c14   0x00000018   Code   RO          568    i.master_start      master.o
    0x08002c2c   0x08002c2c   0x0000008c   Code   RO          497    i.param_assert      slave.o
    0x08002cb8   0x08002cb8   0x0000000c   Code   RO          498    i.set_led_duration  slave.o
    0x08002cc4   0x08002cc4   0x0000000c   Code   RO          499    i.set_led_frequency  slave.o
    0x08002cd0   0x08002cd0   0x00000040   Code   RO          500    i.slave_start       slave.o
    0x08002d10   0x08002d10   0x00000040   Data   RO         2261    .constdata          system_stm32g0xx.o
    0x08002d50   0x08002d50   0x00000020   Data   RO         2262    .constdata          system_stm32g0xx.o
    0x08002d70   0x08002d70   0x00000020   Data   RO         2322    Region$$Table       anon$$obj.o


    Execution Region RW_IRAM1 (Exec base: 0x20000000, Load base: 0x08002d90, Size: 0x000009d8, Max: 0x00009000, ABSOLUTE)

    Exec Addr    Load Addr    Size         Type   Attr      Idx    E Section Name        Object

    0x20000000   0x08002d90   0x00000008   Data   RW           23    .data               main.o
    0x20000008   0x08002d98   0x00000001   Data   RW          329    .data               i2c.o
    0x20000009   0x08002d99   0x00000003   PAD
    0x2000000c   0x08002d9c   0x0000001a   Data   RW          501    .data               slave.o
    0x20000026   0x08002db6   0x00000002   PAD
    0x20000028   0x08002db8   0x0000000c   Data   RW         1568    .data               stm32g0xx_hal.o
    0x20000034   0x08002dc4   0x00000004   Data   RW         2263    .data               system_stm32g0xx.o
    0x20000038        -       0x000000ff   Zero   RW           22    .bss                main.o
    0x20000137        -       0x0000000a   Zero   RW          328    .bss                i2c.o
    0x20000141        -       0x0000000a   Zero   RW          569    .bss                master.o
    0x2000014b   0x08002dc8   0x00000001   PAD
    0x2000014c        -       0x0000008c   Zero   RW          605    .bss                usart.o
    0x200001d8        -       0x00000800   Zero   RW            1    STACK               startup_stm32g070xx.o


==============================================================================

Image component sizes


      Code (inc. data)   RO Data    RW Data    ZI Data      Debug   Object Name

      1364        158          0          1         10      17705   i2c.o
      2638        612          0          8        255     365660   main.o
        88         24          0          0         10       2003   master.o
       928        118          0         26          0       6559   slave.o
        28          8        184          0       2048        632   startup_stm32g070xx.o
       160         26          0         12          0       3776   stm32g0xx_hal.o
       148         24          0          0          0      12097   stm32g0xx_hal_cortex.o
       128          6          0          0          0       1175   stm32g0xx_hal_dma.o
       582         36          0          0          0       4300   stm32g0xx_hal_gpio.o
        52          6          0          0          0        834   stm32g0xx_hal_msp.o
        76         14          0          0          0        742   stm32g0xx_hal_pwr_ex.o
      1516         88          0          0          0      20109   stm32g0xx_hal_rcc.o
      2768         98          0          0          0      14696   stm32g0xx_hal_uart.o
       322         16          0          0          0       5222   stm32g0xx_hal_uart_ex.o
        64         14          0          0          0       5331   stm32g0xx_it.o
        16          6         96          4          0       1143   system_stm32g0xx.o
       212         16          0          0        140       1686   usart.o

    ----------------------------------------------------------------------
     11104       1270        312         56       2464     463670   Object Totals
         0          0         32          0          0          0   (incl. Generated)
        14          0          0          5          1          0   (incl. Padding)

    ----------------------------------------------------------------------

      Code (inc. data)   RO Data    RW Data    ZI Data      Debug   Library Member Name

         0          0          0          0          0          0   entry.o
         0          0          0          0          0          0   entry10a.o
         0          0          0          0          0          0   entry11a.o
         8          4          0          0          0          0   entry2.o
         4          0          0          0          0          0   entry5.o
         0          0          0          0          0          0   entry7b.o
         0          0          0          0          0          0   entry8b.o
         8          4          0          0          0          0   entry9a.o
        30          0          0          0          0          0   handlers.o
        36          8          0          0          0         68   init.o
        36          0          0          0          0         60   memcpya.o
        36          0          0          0          0        100   memseta.o
        28          0          0          0          0         68   strcmp.o
        14          0          0          0          0         60   strlen.o
        44          0          0          0          0         72   uidiv.o

    ----------------------------------------------------------------------
       248         16          0          0          0        428   Library Totals
         4          0          0          0          0          0   (incl. Padding)

    ----------------------------------------------------------------------

      Code (inc. data)   RO Data    RW Data    ZI Data      Debug   Library Name

       244         16          0          0          0        428   mc_p.l

    ----------------------------------------------------------------------
       248         16          0          0          0        428   Library Totals

    ----------------------------------------------------------------------

==============================================================================


      Code (inc. data)   RO Data    RW Data    ZI Data      Debug   

     11352       1286        312         56       2464     459982   Grand Totals
     11352       1286        312         56       2464     459982   ELF Image Totals
     11352       1286        312         56          0          0   ROM Totals

==============================================================================

    Total RO  Size (Code + RO Data)                11664 (  11.39kB)
    Total RW  Size (RW Data + ZI Data)              2520 (   2.46kB)
    Total ROM Size (Code + RO Data + RW Data)      11720 (  11.45kB)

==============================================================================

